MPLINK 5.00, LINKER
Linker Map File - Created Wed Dec 08 10:30:26 2021

                                 Section Info
                  Section       Type    Address   Location Size(Bytes)
                ---------  ---------  ---------  ---------  ---------
               _entry_scn       code   0x000000    program   0x000006
           .code___init.o       code   0x000006    program   0x000002
      InterruptVectorHigh       code   0x000008    program   0x000006
     .idata_interrupt.o_i    romdata   0x00000e    program   0x000004
       InterruptVectorLow       code   0x000018    program   0x000006
                   .cinit    romdata   0x00001e    program   0x000056
             .code_main.o       code   0x000074    program   0x00199e
              .code_lcd.o       code   0x001a12    program   0x000e20
           .code_output.o       code   0x002832    program   0x0009e8
            .code_timer.o       code   0x00321a    program   0x00051c
           .code_button.o       code   0x003736    program   0x0003d0
             .code_seg7.o       code   0x003b06    program   0x000320
        .code_interrupt.o       code   0x003e26    program   0x0001c4
             .stringtable    romdata   0x003fea    program   0x00012f
        .romdata_button.o    romdata   0x004119    program   0x000000
           .romdata_lcd.o    romdata   0x004119    program   0x000000
          .romdata_seg7.o    romdata   0x004119    program   0x000000
        .romdata_output.o    romdata   0x004119    program   0x000000
      .idata_fxd1616u.o_i    romdata   0x004119    program   0x000000
      .romdata_fxd1616u.o    romdata   0x004119    program   0x000000
      .idata_fxd2424u.o_i    romdata   0x004119    program   0x000000
      .romdata_fxd2424u.o    romdata   0x004119    program   0x000000
      .idata_fxd3232u.o_i    romdata   0x004119    program   0x000000
      .romdata_fxd3232u.o    romdata   0x004119    program   0x000000
       .idata_fxm3232.o_i    romdata   0x004119    program   0x000000
       .romdata_fxm3232.o    romdata   0x004119    program   0x000000
        .idata___init.o_i    romdata   0x004119    program   0x000000
        .romdata___init.o    romdata   0x004119    program   0x000000
         .romdata_c018i.o    romdata   0x004119    program   0x000000
         .idata_c018i.o_i    romdata   0x004119    program   0x000000
     .romdata_interrupt.o    romdata   0x004119    program   0x000000
          .romdata_main.o    romdata   0x004119    program   0x000000
         .romdata_timer.o    romdata   0x004119    program   0x000000
                     PROG       code   0x00411a    program   0x000100
            .code_c018i.o       code   0x00411a    program   0x000000
               _cinit_scn       code   0x00421a    program   0x00009e
          .code_fxm3232.o       code   0x0042b8    program   0x000070
         .code_fxd3232u.o       code   0x004328    program   0x000048
         .code_fxd2424u.o       code   0x004370    program   0x00003a
         .code_fxd1616u.o       code   0x0043aa    program   0x00002c
                    .code       code   0x0043d6    program   0x000020
             _startup_scn       code   0x0043f6    program   0x00001c
         .idata_timer.o_i    romdata   0x004412    program   0x000020
          .idata_seg7.o_i    romdata   0x004432    program   0x0000ac
        .idata_output.o_i    romdata   0x0044de    program   0x000024
          .idata_main.o_i    romdata   0x004502    program   0x000016
           .idata_lcd.o_i    romdata   0x004518    program   0x000061
        .idata_button.o_i    romdata   0x004579    program   0x000030
    .config_300001_main.o    romdata   0x300001    program   0x000001
    .config_300002_main.o    romdata   0x300002    program   0x000001
    .config_300003_main.o    romdata   0x300003    program   0x000001
    .config_300005_main.o    romdata   0x300005    program   0x000001
    .config_300006_main.o    romdata   0x300006    program   0x000001
    .config_300008_main.o    romdata   0x300008    program   0x000001
    .config_300009_main.o    romdata   0x300009    program   0x000001
    .config_30000a_main.o    romdata   0x30000a    program   0x000001
    .config_30000b_main.o    romdata   0x30000b    program   0x000001
    .config_30000c_main.o    romdata   0x30000c    program   0x000001
    .config_30000d_main.o    romdata   0x30000d    program   0x000001
                MATH_DATA      udata   0x000000       data   0x000014
                 .tmpdata      udata   0x000014       data   0x00000a
             .idata_lcd.o      idata   0x000080       data   0x000061
            .idata_main.o      idata   0x0000e1       data   0x000016
             .udata_lcd.o      udata   0x0000f7       data   0x000004
       .idata_interrupt.o      idata   0x0000fb       data   0x000004
        .idata_fxd2424u.o      idata   0x0000ff       data   0x000000
        .udata_fxd2424u.o      udata   0x0000ff       data   0x000000
        .idata_fxd1616u.o      idata   0x0000ff       data   0x000000
        .udata_fxd1616u.o      udata   0x0000ff       data   0x000000
        .udata_fxd3232u.o      udata   0x0000ff       data   0x000000
        .idata_fxd3232u.o      idata   0x0000ff       data   0x000000
          .udata_output.o      udata   0x0000ff       data   0x000000
         .udata_fxm3232.o      udata   0x0000ff       data   0x000000
            .udata_seg7.o      udata   0x0000ff       data   0x000000
          .idata___init.o      idata   0x0000ff       data   0x000000
           .idata_c018i.o      idata   0x0000ff       data   0x000000
          .udata_button.o      udata   0x0000ff       data   0x000000
       .udata_interrupt.o      udata   0x0000ff       data   0x000000
         .idata_fxm3232.o      idata   0x0000ff       data   0x000000
           .udata_timer.o      udata   0x0000ff       data   0x000000
          .udata___init.o      udata   0x0000ff       data   0x000000
            .udata_main.o      udata   0x0000ff       data   0x000000
            .idata_seg7.o      idata   0x000100       data   0x0000ac
          .idata_button.o      idata   0x0001ac       data   0x000030
          .idata_output.o      idata   0x0001dc       data   0x000024
                   .stack      udata   0x000e00       data   0x000100
           .idata_timer.o      idata   0x000f00       data   0x000020
           .udata_c018i.o      udata   0x000f20       data   0x00000a
            SFR_UNBANKED0      udata   0x000f80       data   0x000080



                              Program Memory Usage 
                               Start         End      
                           ---------   ---------      
                            0x000000    0x000011      
                            0x000018    0x004118      
                            0x00411a    0x0045a8      
                            0x300001    0x300003      
                            0x300005    0x300006      
                            0x300008    0x30000d      
            17837 out of 66584 program addresses used, program memory utilization is 26%



                              Symbols - Sorted by Name
                     Name    Address   Location    Storage File                     
                ---------  ---------  ---------  --------- ---------                
         BaiTap_ChongRung   0x00192c    program     extern C:\Users\ASUS\Downloads\Do_an\Do_an_TKLL\Bai3_Button_LCD_1\Bai3_Button_LCD_1\main.c
              CloseOutput   0x002882    program     extern C:\Users\ASUS\Downloads\Do_an\Do_an_TKLL\Bai3_Button_LCD_1\Bai3_Button_LCD_1\button_matrix\output.c
             CloseOutput2   0x00299e    program     extern C:\Users\ASUS\Downloads\Do_an\Do_an_TKLL\Bai3_Button_LCD_1\Bai3_Button_LCD_1\button_matrix\output.c
             CloseOutputE   0x002a72    program     extern C:\Users\ASUS\Downloads\Do_an\Do_an_TKLL\Bai3_Button_LCD_1\Bai3_Button_LCD_1\button_matrix\output.c
        CloseOutputPortAo   0x002e84    program     extern C:\Users\ASUS\Downloads\Do_an\Do_an_TKLL\Bai3_Button_LCD_1\Bai3_Button_LCD_1\button_matrix\output.c
       CloseOutputPortAo2   0x002bc6    program     extern C:\Users\ASUS\Downloads\Do_an\Do_an_TKLL\Bai3_Button_LCD_1\Bai3_Button_LCD_1\button_matrix\output.c
       CloseOutputPortAo3   0x0030f6    program     extern C:\Users\ASUS\Downloads\Do_an\Do_an_TKLL\Bai3_Button_LCD_1\Bai3_Button_LCD_1\button_matrix\output.c
                   D1616S   0x00413c    program     static E:\3.46\pic18-lt\cxx-framework\src\traditional\math\fxd1616s.asm
                D1616SNEG   0x00414a    program     static E:\3.46\pic18-lt\cxx-framework\src\traditional\math\fxd1616s.asm
                 D1616SOK   0x004146    program     static E:\3.46\pic18-lt\cxx-framework\src\traditional\math\fxd1616s.asm
                  D1616SX   0x00415c    program     static E:\3.46\pic18-lt\cxx-framework\src\traditional\math\fxd1616s.asm
                   D2424S   0x004190    program     static E:\3.46\pic18-lt\cxx-framework\src\traditional\math\fxd2424s.asm
                D2424SNEG   0x00419e    program     static E:\3.46\pic18-lt\cxx-framework\src\traditional\math\fxd2424s.asm
                 D2424SOK   0x00419a    program     static E:\3.46\pic18-lt\cxx-framework\src\traditional\math\fxd2424s.asm
                  D2424SX   0x0041b6    program     static E:\3.46\pic18-lt\cxx-framework\src\traditional\math\fxd2424s.asm
                  DA1616S   0x00412c    program     static E:\3.46\pic18-lt\cxx-framework\src\traditional\math\fxd1616s.asm
                  DA2424S   0x00417c    program     static E:\3.46\pic18-lt\cxx-framework\src\traditional\math\fxd2424s.asm
         DisplayLcdScreen   0x002350    program     extern C:\Users\ASUS\Downloads\Do_an\Do_an_TKLL\Bai3_Button_LCD_1\Bai3_Button_LCD_1\lcd\lcd.c
        DisplayLcdScreen2   0x002448    program     extern C:\Users\ASUS\Downloads\Do_an\Do_an_TKLL\Bai3_Button_LCD_1\Bai3_Button_LCD_1\lcd\lcd.c
      DisplayLcdScreenOld   0x0024ce    program     extern C:\Users\ASUS\Downloads\Do_an\Do_an_TKLL\Bai3_Button_LCD_1\Bai3_Button_LCD_1\lcd\lcd.c
                 FXD1616S   0x00411a    program     extern E:\3.46\pic18-lt\cxx-framework\src\traditional\math\fxd1616s.asm
                 FXD1616U   0x0043aa    program     extern E:\3.46\pic18-lt\cxx-framework\src\traditional\math\fxd1616u.c
                 FXD2424S   0x004166    program     extern E:\3.46\pic18-lt\cxx-framework\src\traditional\math\fxd2424s.asm
                 FXD2424U   0x004370    program     extern E:\3.46\pic18-lt\cxx-framework\src\traditional\math\fxd2424u.c
                 FXD3232U   0x004328    program     extern E:\3.46\pic18-lt\cxx-framework\src\traditional\math\fxd3232u.c
                 FXM1616S   0x0041c0    program     extern E:\3.46\pic18-lt\cxx-framework\src\traditional\math\fxm1616s.asm
                  FXM3232   0x0042b8    program     extern E:\3.46\pic18-lt\cxx-framework\src\traditional\math\fxm3232.c
             Flash_yellow   0x002c8e    program     extern C:\Users\ASUS\Downloads\Do_an\Do_an_TKLL\Bai3_Button_LCD_1\Bai3_Button_LCD_1\button_matrix\output.c
      InterruptVectorHigh   0x000008    program     extern C:\Users\ASUS\Downloads\Do_an\Do_an_TKLL\Bai3_Button_LCD_1\Bai3_Button_LCD_1\interrupt\interrupt.c
       InterruptVectorLow   0x000018    program     extern C:\Users\ASUS\Downloads\Do_an\Do_an_TKLL\Bai3_Button_LCD_1\Bai3_Button_LCD_1\interrupt\interrupt.c
                LcdClearS   0x0022f2    program     extern C:\Users\ASUS\Downloads\Do_an\Do_an_TKLL\Bai3_Button_LCD_1\Bai3_Button_LCD_1\lcd\lcd.c
            LcdPrintCharS   0x002538    program     extern C:\Users\ASUS\Downloads\Do_an\Do_an_TKLL\Bai3_Button_LCD_1\Bai3_Button_LCD_1\lcd\lcd.c
              LcdPrintNum   0x002230    program     extern C:\Users\ASUS\Downloads\Do_an\Do_an_TKLL\Bai3_Button_LCD_1\Bai3_Button_LCD_1\lcd\lcd.c
             LcdPrintNumS   0x00258e    program     extern C:\Users\ASUS\Downloads\Do_an\Do_an_TKLL\Bai3_Button_LCD_1\Bai3_Button_LCD_1\lcd\lcd.c
           LcdPrintString   0x002278    program     extern C:\Users\ASUS\Downloads\Do_an\Do_an_TKLL\Bai3_Button_LCD_1\Bai3_Button_LCD_1\lcd\lcd.c
          LcdPrintStringS   0x0027dc    program     extern C:\Users\ASUS\Downloads\Do_an\Do_an_TKLL\Bai3_Button_LCD_1\Bai3_Button_LCD_1\lcd\lcd.c
               OpenOutput   0x002832    program     extern C:\Users\ASUS\Downloads\Do_an\Do_an_TKLL\Bai3_Button_LCD_1\Bai3_Button_LCD_1\button_matrix\output.c
              OpenOutput2   0x00294e    program     extern C:\Users\ASUS\Downloads\Do_an\Do_an_TKLL\Bai3_Button_LCD_1\Bai3_Button_LCD_1\button_matrix\output.c
              OpenOutputE   0x002a68    program     extern C:\Users\ASUS\Downloads\Do_an\Do_an_TKLL\Bai3_Button_LCD_1\Bai3_Button_LCD_1\button_matrix\output.c
         OpenOutputPortAo   0x002e10    program     extern C:\Users\ASUS\Downloads\Do_an\Do_an_TKLL\Bai3_Button_LCD_1\Bai3_Button_LCD_1\button_matrix\output.c
        OpenOutputPortAo2   0x002b52    program     extern C:\Users\ASUS\Downloads\Do_an\Do_an_TKLL\Bai3_Button_LCD_1\Bai3_Button_LCD_1\button_matrix\output.c
        OpenOutputPortAo3   0x003082    program     extern C:\Users\ASUS\Downloads\Do_an\Do_an_TKLL\Bai3_Button_LCD_1\Bai3_Button_LCD_1\button_matrix\output.c
            ReverseOutput   0x0028d2    program     extern C:\Users\ASUS\Downloads\Do_an\Do_an_TKLL\Bai3_Button_LCD_1\Bai3_Button_LCD_1\button_matrix\output.c
           ReverseOutput2   0x0029ee    program     extern C:\Users\ASUS\Downloads\Do_an\Do_an_TKLL\Bai3_Button_LCD_1\Bai3_Button_LCD_1\button_matrix\output.c
      ReverseOutputPortAo   0x002f4c    program     extern C:\Users\ASUS\Downloads\Do_an\Do_an_TKLL\Bai3_Button_LCD_1\Bai3_Button_LCD_1\button_matrix\output.c
     ReverseOutputPortAo2   0x002cde    program     extern C:\Users\ASUS\Downloads\Do_an\Do_an_TKLL\Bai3_Button_LCD_1\Bai3_Button_LCD_1\button_matrix\output.c
     ReverseOutputPortAo3   0x0031be    program     extern C:\Users\ASUS\Downloads\Do_an\Do_an_TKLL\Bai3_Button_LCD_1\Bai3_Button_LCD_1\button_matrix\output.c
             SetTimer0_ms   0x003696    program     extern C:\Users\ASUS\Downloads\Do_an\Do_an_TKLL\Bai3_Button_LCD_1\Bai3_Button_LCD_1\timer\timer.c
             SetTimer1_ms   0x0036ba    program     extern C:\Users\ASUS\Downloads\Do_an\Do_an_TKLL\Bai3_Button_LCD_1\Bai3_Button_LCD_1\timer\timer.c
             SetTimer3_ms   0x0036f8    program     extern C:\Users\ASUS\Downloads\Do_an\Do_an_TKLL\Bai3_Button_LCD_1\Bai3_Button_LCD_1\timer\timer.c
               TSIGN1616A   0x00420c    program     static E:\3.46\pic18-lt\cxx-framework\src\traditional\math\fxm1616s.asm
           Test_KeyMatrix   0x00198e    program     extern C:\Users\ASUS\Downloads\Do_an\Do_an_TKLL\Bai3_Button_LCD_1\Bai3_Button_LCD_1\main.c
             UpdateBuffer   0x003d3e    program     extern C:\Users\ASUS\Downloads\Do_an\Do_an_TKLL\Bai3_Button_LCD_1\Bai3_Button_LCD_1\button_matrix\seg7.c
       ___return_lbl00000   0x0043d4    program     static                          
       ___return_lbl00000   0x0043a8    program     static                          
       ___return_lbl00000   0x00436e    program     static                          
       ___return_lbl00000   0x000004    program     static                          
       ___return_lbl00000   0x004326    program     static                          
       ___return_lbl00001   0x004410    program     static                          
       ___return_lbl00002   0x0042b6    program     static                          
       ___return_lbl00002   0x00001c    program     static                          
       ___return_lbl00003   0x00000c    program     static                          
               __config_0   0x300001    program     static C:\Users\ASUS\Downloads\Do_an\Do_an_TKLL\Bai3_Button_LCD_1\Bai3_Button_LCD_1\main.c
               __config_1   0x300002    program     static C:\Users\ASUS\Downloads\Do_an\Do_an_TKLL\Bai3_Button_LCD_1\Bai3_Button_LCD_1\main.c
              __config_10   0x30000d    program     static C:\Users\ASUS\Downloads\Do_an\Do_an_TKLL\Bai3_Button_LCD_1\Bai3_Button_LCD_1\main.c
               __config_2   0x300003    program     static C:\Users\ASUS\Downloads\Do_an\Do_an_TKLL\Bai3_Button_LCD_1\Bai3_Button_LCD_1\main.c
               __config_3   0x300005    program     static C:\Users\ASUS\Downloads\Do_an\Do_an_TKLL\Bai3_Button_LCD_1\Bai3_Button_LCD_1\main.c
               __config_4   0x300006    program     static C:\Users\ASUS\Downloads\Do_an\Do_an_TKLL\Bai3_Button_LCD_1\Bai3_Button_LCD_1\main.c
               __config_5   0x300008    program     static C:\Users\ASUS\Downloads\Do_an\Do_an_TKLL\Bai3_Button_LCD_1\Bai3_Button_LCD_1\main.c
               __config_6   0x300009    program     static C:\Users\ASUS\Downloads\Do_an\Do_an_TKLL\Bai3_Button_LCD_1\Bai3_Button_LCD_1\main.c
               __config_7   0x30000a    program     static C:\Users\ASUS\Downloads\Do_an\Do_an_TKLL\Bai3_Button_LCD_1\Bai3_Button_LCD_1\main.c
               __config_8   0x30000b    program     static C:\Users\ASUS\Downloads\Do_an\Do_an_TKLL\Bai3_Button_LCD_1\Bai3_Button_LCD_1\main.c
               __config_9   0x30000c    program     static C:\Users\ASUS\Downloads\Do_an\Do_an_TKLL\Bai3_Button_LCD_1\Bai3_Button_LCD_1\main.c
                   __init   0x000006    program     extern E:\3.46\pic18-lt\cxx-framework\src\traditional\stdclib\__init.c
               __string_0   0x00410a    program     static C:\Users\ASUS\Downloads\Do_an\Do_an_TKLL\Bai3_Button_LCD_1\Bai3_Button_LCD_1\main.c
               __string_1   0x0040fb    program     static C:\Users\ASUS\Downloads\Do_an\Do_an_TKLL\Bai3_Button_LCD_1\Bai3_Button_LCD_1\main.c
              __string_10   0x004074    program     static C:\Users\ASUS\Downloads\Do_an\Do_an_TKLL\Bai3_Button_LCD_1\Bai3_Button_LCD_1\main.c
              __string_11   0x004065    program     static C:\Users\ASUS\Downloads\Do_an\Do_an_TKLL\Bai3_Button_LCD_1\Bai3_Button_LCD_1\main.c
              __string_12   0x004054    program     static C:\Users\ASUS\Downloads\Do_an\Do_an_TKLL\Bai3_Button_LCD_1\Bai3_Button_LCD_1\main.c
              __string_13   0x004043    program     static C:\Users\ASUS\Downloads\Do_an\Do_an_TKLL\Bai3_Button_LCD_1\Bai3_Button_LCD_1\main.c
              __string_14   0x004032    program     static C:\Users\ASUS\Downloads\Do_an\Do_an_TKLL\Bai3_Button_LCD_1\Bai3_Button_LCD_1\main.c
              __string_15   0x004021    program     static C:\Users\ASUS\Downloads\Do_an\Do_an_TKLL\Bai3_Button_LCD_1\Bai3_Button_LCD_1\main.c
              __string_16   0x004018    program     static C:\Users\ASUS\Downloads\Do_an\Do_an_TKLL\Bai3_Button_LCD_1\Bai3_Button_LCD_1\main.c
              __string_17   0x004011    program     static C:\Users\ASUS\Downloads\Do_an\Do_an_TKLL\Bai3_Button_LCD_1\Bai3_Button_LCD_1\main.c
              __string_18   0x004008    program     static C:\Users\ASUS\Downloads\Do_an\Do_an_TKLL\Bai3_Button_LCD_1\Bai3_Button_LCD_1\main.c
              __string_19   0x003fff    program     static C:\Users\ASUS\Downloads\Do_an\Do_an_TKLL\Bai3_Button_LCD_1\Bai3_Button_LCD_1\main.c
               __string_2   0x0040ec    program     static C:\Users\ASUS\Downloads\Do_an\Do_an_TKLL\Bai3_Button_LCD_1\Bai3_Button_LCD_1\main.c
              __string_20   0x003ff3    program     static C:\Users\ASUS\Downloads\Do_an\Do_an_TKLL\Bai3_Button_LCD_1\Bai3_Button_LCD_1\main.c
              __string_21   0x003fee    program     static C:\Users\ASUS\Downloads\Do_an\Do_an_TKLL\Bai3_Button_LCD_1\Bai3_Button_LCD_1\main.c
              __string_22   0x003fec    program     static C:\Users\ASUS\Downloads\Do_an\Do_an_TKLL\Bai3_Button_LCD_1\Bai3_Button_LCD_1\main.c
              __string_23   0x003fea    program     static C:\Users\ASUS\Downloads\Do_an\Do_an_TKLL\Bai3_Button_LCD_1\Bai3_Button_LCD_1\main.c
               __string_3   0x0040dd    program     static C:\Users\ASUS\Downloads\Do_an\Do_an_TKLL\Bai3_Button_LCD_1\Bai3_Button_LCD_1\main.c
               __string_4   0x0040ce    program     static C:\Users\ASUS\Downloads\Do_an\Do_an_TKLL\Bai3_Button_LCD_1\Bai3_Button_LCD_1\main.c
               __string_5   0x0040bf    program     static C:\Users\ASUS\Downloads\Do_an\Do_an_TKLL\Bai3_Button_LCD_1\Bai3_Button_LCD_1\main.c
               __string_6   0x0040b0    program     static C:\Users\ASUS\Downloads\Do_an\Do_an_TKLL\Bai3_Button_LCD_1\Bai3_Button_LCD_1\main.c
               __string_7   0x0040a1    program     static C:\Users\ASUS\Downloads\Do_an\Do_an_TKLL\Bai3_Button_LCD_1\Bai3_Button_LCD_1\main.c
               __string_8   0x004092    program     static C:\Users\ASUS\Downloads\Do_an\Do_an_TKLL\Bai3_Button_LCD_1\Bai3_Button_LCD_1\main.c
               __string_9   0x004083    program     static C:\Users\ASUS\Downloads\Do_an\Do_an_TKLL\Bai3_Button_LCD_1\Bai3_Button_LCD_1\main.c
            __zero_memory   0x0043d6    program     extern E:\3.46\pic18-lt\cxx-framework\src\traditional\proc\p18f4620.asm
                _do_cinit   0x00421a    program     extern E:\3.46\pic18-lt\cxx-framework\src\traditional\startup\c018i.c
                   _entry   0x000000    program     extern E:\3.46\pic18-lt\cxx-framework\src\traditional\startup\c018i.c
                   _false   0x00436a    program     static                          
                   _false   0x0043a4    program     static                          
                 _startup   0x0043f6    program     extern E:\3.46\pic18-lt\cxx-framework\src\traditional\startup\c018i.c
          button_delay_ms   0x003958    program     extern C:\Users\ASUS\Downloads\Do_an\Do_an_TKLL\Bai3_Button_LCD_1\Bai3_Button_LCD_1\button_matrix\button.c
        button_processing   0x0010e2    program     extern C:\Users\ASUS\Downloads\Do_an\Do_an_TKLL\Bai3_Button_LCD_1\Bai3_Button_LCD_1\main.c
                compare_l   0x0043ec    program     static E:\3.46\pic18-lt\cxx-framework\src\traditional\proc\p18f4620.asm
                copy_loop   0x00428c    program     static                          
            copy_one_byte   0x004292    program     static                          
                 delay_ms   0x00009e    program     extern C:\Users\ASUS\Downloads\Do_an\Do_an_TKLL\Bai3_Button_LCD_1\Bai3_Button_LCD_1\main.c
              display7SEG   0x003b06    program     extern C:\Users\ASUS\Downloads\Do_an\Do_an_TKLL\Bai3_Button_LCD_1\Bai3_Button_LCD_1\button_matrix\seg7.c
              displayTime   0x0007e8    program     extern C:\Users\ASUS\Downloads\Do_an\Do_an_TKLL\Bai3_Button_LCD_1\Bai3_Button_LCD_1\main.c
             displayTime2   0x000974    program     extern C:\Users\ASUS\Downloads\Do_an\Do_an_TKLL\Bai3_Button_LCD_1\Bai3_Button_LCD_1\main.c
             displayTime3   0x000b88    program     extern C:\Users\ASUS\Downloads\Do_an\Do_an_TKLL\Bai3_Button_LCD_1\Bai3_Button_LCD_1\main.c
                     done   0x0042b6    program     static                          
             done_copying   0x0042a0    program     static                          
                  endloop   0x0043d0    program     static                          
                 high_isr   0x003f1a    program     extern C:\Users\ASUS\Downloads\Do_an\Do_an_TKLL\Bai3_Button_LCD_1\Bai3_Button_LCD_1\interrupt\interrupt.c
            init_ext_int0   0x003e2e    program     extern C:\Users\ASUS\Downloads\Do_an\Do_an_TKLL\Bai3_Button_LCD_1\Bai3_Button_LCD_1\interrupt\interrupt.c
           init_interrupt   0x003e26    program     extern C:\Users\ASUS\Downloads\Do_an\Do_an_TKLL\Bai3_Button_LCD_1\Bai3_Button_LCD_1\interrupt\interrupt.c
          init_key_matrix   0x003736    program     extern C:\Users\ASUS\Downloads\Do_an\Do_an_TKLL\Bai3_Button_LCD_1\Bai3_Button_LCD_1\button_matrix\button.c
                 init_lcd   0x001bb2    program     extern C:\Users\ASUS\Downloads\Do_an\Do_an_TKLL\Bai3_Button_LCD_1\Bai3_Button_LCD_1\lcd\lcd.c
              init_system   0x000126    program     extern C:\Users\ASUS\Downloads\Do_an\Do_an_TKLL\Bai3_Button_LCD_1\Bai3_Button_LCD_1\main.c
              init_timer0   0x00321a    program     extern C:\Users\ASUS\Downloads\Do_an\Do_an_TKLL\Bai3_Button_LCD_1\Bai3_Button_LCD_1\timer\timer.c
              init_timer1   0x00335e    program     extern C:\Users\ASUS\Downloads\Do_an\Do_an_TKLL\Bai3_Button_LCD_1\Bai3_Button_LCD_1\timer\timer.c
              init_timer2   0x0034a8    program     extern C:\Users\ASUS\Downloads\Do_an\Do_an_TKLL\Bai3_Button_LCD_1\Bai3_Button_LCD_1\timer\timer.c
              init_timer3   0x0034e0    program     extern C:\Users\ASUS\Downloads\Do_an\Do_an_TKLL\Bai3_Button_LCD_1\Bai3_Button_LCD_1\timer\timer.c
             init_traffic   0x0001c6    program     extern C:\Users\ASUS\Downloads\Do_an\Do_an_TKLL\Bai3_Button_LCD_1\Bai3_Button_LCD_1\main.c
             isButtonDown   0x00191c    program     extern C:\Users\ASUS\Downloads\Do_an\Do_an_TKLL\Bai3_Button_LCD_1\Bai3_Button_LCD_1\main.c
               isButtonUp   0x0018f0    program     extern C:\Users\ASUS\Downloads\Do_an\Do_an_TKLL\Bai3_Button_LCD_1\Bai3_Button_LCD_1\main.c
                lcd_clear   0x001f04    program     extern C:\Users\ASUS\Downloads\Do_an\Do_an_TKLL\Bai3_Button_LCD_1\Bai3_Button_LCD_1\lcd\lcd.c
                lcd_delay   0x001a12    program     extern C:\Users\ASUS\Downloads\Do_an\Do_an_TKLL\Bai3_Button_LCD_1\Bai3_Button_LCD_1\lcd\lcd.c
             lcd_power_of   0x001f18    program     extern C:\Users\ASUS\Downloads\Do_an\Do_an_TKLL\Bai3_Button_LCD_1\Bai3_Button_LCD_1\lcd\lcd.c
           lcd_print_char   0x001e70    program     extern C:\Users\ASUS\Downloads\Do_an\Do_an_TKLL\Bai3_Button_LCD_1\Bai3_Button_LCD_1\lcd\lcd.c
          lcd_print_charS   0x0022ac    program     extern C:\Users\ASUS\Downloads\Do_an\Do_an_TKLL\Bai3_Button_LCD_1\Bai3_Button_LCD_1\lcd\lcd.c
            lcd_print_num   0x001ffa    program     extern C:\Users\ASUS\Downloads\Do_an\Do_an_TKLL\Bai3_Button_LCD_1\Bai3_Button_LCD_1\lcd\lcd.c
            lcd_print_str   0x001e8a    program     extern C:\Users\ASUS\Downloads\Do_an\Do_an_TKLL\Bai3_Button_LCD_1\Bai3_Button_LCD_1\lcd\lcd.c
              lcd_putchar   0x001e56    program     extern C:\Users\ASUS\Downloads\Do_an\Do_an_TKLL\Bai3_Button_LCD_1\Bai3_Button_LCD_1\lcd\lcd.c
          lcd_read_status   0x001cc0    program     extern C:\Users\ASUS\Downloads\Do_an\Do_an_TKLL\Bai3_Button_LCD_1\Bai3_Button_LCD_1\lcd\lcd.c
          lcd_sendCommand   0x001b32    program     extern C:\Users\ASUS\Downloads\Do_an\Do_an_TKLL\Bai3_Button_LCD_1\Bai3_Button_LCD_1\lcd\lcd.c
           lcd_set_cursor   0x001eca    program     extern C:\Users\ASUS\Downloads\Do_an\Do_an_TKLL\Bai3_Button_LCD_1\Bai3_Button_LCD_1\lcd\lcd.c
            lcd_wait_busy   0x001d76    program     extern C:\Users\ASUS\Downloads\Do_an\Do_an_TKLL\Bai3_Button_LCD_1\Bai3_Button_LCD_1\lcd\lcd.c
          lcd_write_4bits   0x001d96    program     extern C:\Users\ASUS\Downloads\Do_an\Do_an_TKLL\Bai3_Button_LCD_1\Bai3_Button_LCD_1\lcd\lcd.c
            lcd_write_cmd   0x001ddc    program     extern C:\Users\ASUS\Downloads\Do_an\Do_an_TKLL\Bai3_Button_LCD_1\Bai3_Button_LCD_1\lcd\lcd.c
           lcd_write_data   0x001e18    program     extern C:\Users\ASUS\Downloads\Do_an\Do_an_TKLL\Bai3_Button_LCD_1\Bai3_Button_LCD_1\lcd\lcd.c
                  ledScan   0x003de6    program     extern C:\Users\ASUS\Downloads\Do_an\Do_an_TKLL\Bai3_Button_LCD_1\Bai3_Button_LCD_1\button_matrix\seg7.c
                     loop   0x0043b4    program     static                          
                     loop   0x00437c    program     static                          
                     loop   0x004406    program     static                          
                     loop   0x004336    program     static                          
                   loop_h   0x0043e4    program     static E:\3.46\pic18-lt\cxx-framework\src\traditional\proc\p18f4620.asm
                   loop_l   0x0043ee    program     static E:\3.46\pic18-lt\cxx-framework\src\traditional\proc\p18f4620.asm
                  low_isr   0x003e36    program     extern C:\Users\ASUS\Downloads\Do_an\Do_an_TKLL\Bai3_Button_LCD_1\Bai3_Button_LCD_1\interrupt\interrupt.c
                     main   0x000074    program     extern C:\Users\ASUS\Downloads\Do_an\Do_an_TKLL\Bai3_Button_LCD_1\Bai3_Button_LCD_1\main.c
               modify_fsm   0x0016a8    program     extern C:\Users\ASUS\Downloads\Do_an\Do_an_TKLL\Bai3_Button_LCD_1\Bai3_Button_LCD_1\main.c
                resetScan   0x003e1e    program     extern C:\Users\ASUS\Downloads\Do_an\Do_an_TKLL\Bai3_Button_LCD_1\Bai3_Button_LCD_1\button_matrix\seg7.c
          scan_key_button   0x00373e    program     extern C:\Users\ASUS\Downloads\Do_an\Do_an_TKLL\Bai3_Button_LCD_1\Bai3_Button_LCD_1\button_matrix\button.c
          scan_key_matrix   0x0037fa    program     extern C:\Users\ASUS\Downloads\Do_an\Do_an_TKLL\Bai3_Button_LCD_1\Bai3_Button_LCD_1\button_matrix\button.c
     scan_key_matrix_demo   0x0039e0    program     extern C:\Users\ASUS\Downloads\Do_an\Do_an_TKLL\Bai3_Button_LCD_1\Bai3_Button_LCD_1\button_matrix\button.c
                 sendData   0x002d3a    program     extern C:\Users\ASUS\Downloads\Do_an\Do_an_TKLL\Bai3_Button_LCD_1\Bai3_Button_LCD_1\button_matrix\output.c
                sendData2   0x002a7c    program     extern C:\Users\ASUS\Downloads\Do_an\Do_an_TKLL\Bai3_Button_LCD_1\Bai3_Button_LCD_1\button_matrix\output.c
                sendData3   0x002fa8    program     extern C:\Users\ASUS\Downloads\Do_an\Do_an_TKLL\Bai3_Button_LCD_1\Bai3_Button_LCD_1\button_matrix\output.c
                 setPort2   0x002a3c    program     extern C:\Users\ASUS\Downloads\Do_an\Do_an_TKLL\Bai3_Button_LCD_1\Bai3_Button_LCD_1\button_matrix\output.c
                setPortAo   0x002efa    program     extern C:\Users\ASUS\Downloads\Do_an\Do_an_TKLL\Bai3_Button_LCD_1\Bai3_Button_LCD_1\button_matrix\output.c
               setPortAo2   0x002c3c    program     extern C:\Users\ASUS\Downloads\Do_an\Do_an_TKLL\Bai3_Button_LCD_1\Bai3_Button_LCD_1\button_matrix\output.c
               setPortAo3   0x00316c    program     extern C:\Users\ASUS\Downloads\Do_an\Do_an_TKLL\Bai3_Button_LCD_1\Bai3_Button_LCD_1\button_matrix\output.c
setting_when_changing_mode   0x000e44    program     extern C:\Users\ASUS\Downloads\Do_an\Do_an_TKLL\Bai3_Button_LCD_1\Bai3_Button_LCD_1\main.c
             start_timer0   0x0032d2    program     extern C:\Users\ASUS\Downloads\Do_an\Do_an_TKLL\Bai3_Button_LCD_1\Bai3_Button_LCD_1\timer\timer.c
             start_timer1   0x003418    program     extern C:\Users\ASUS\Downloads\Do_an\Do_an_TKLL\Bai3_Button_LCD_1\Bai3_Button_LCD_1\timer\timer.c
             start_timer2   0x0034d4    program     extern C:\Users\ASUS\Downloads\Do_an\Do_an_TKLL\Bai3_Button_LCD_1\Bai3_Button_LCD_1\timer\timer.c
             start_timer3   0x003596    program     extern C:\Users\ASUS\Downloads\Do_an\Do_an_TKLL\Bai3_Button_LCD_1\Bai3_Button_LCD_1\timer\timer.c
              stop_timer0   0x0032ce    program     extern C:\Users\ASUS\Downloads\Do_an\Do_an_TKLL\Bai3_Button_LCD_1\Bai3_Button_LCD_1\timer\timer.c
              stop_timer1   0x0034a4    program     extern C:\Users\ASUS\Downloads\Do_an\Do_an_TKLL\Bai3_Button_LCD_1\Bai3_Button_LCD_1\timer\timer.c
              stop_timer2   0x0034dc    program     extern C:\Users\ASUS\Downloads\Do_an\Do_an_TKLL\Bai3_Button_LCD_1\Bai3_Button_LCD_1\timer\timer.c
              stop_timer3   0x003622    program     extern C:\Users\ASUS\Downloads\Do_an\Do_an_TKLL\Bai3_Button_LCD_1\Bai3_Button_LCD_1\timer\timer.c
                     test   0x004234    program     static                          
               timer0_isr   0x003626    program     extern C:\Users\ASUS\Downloads\Do_an\Do_an_TKLL\Bai3_Button_LCD_1\Bai3_Button_LCD_1\timer\timer.c
               timer1_isr   0x003642    program     extern C:\Users\ASUS\Downloads\Do_an\Do_an_TKLL\Bai3_Button_LCD_1\Bai3_Button_LCD_1\timer\timer.c
               timer2_isr   0x00365e    program     extern C:\Users\ASUS\Downloads\Do_an\Do_an_TKLL\Bai3_Button_LCD_1\Bai3_Button_LCD_1\timer\timer.c
               timer3_isr   0x00367a    program     extern C:\Users\ASUS\Downloads\Do_an\Do_an_TKLL\Bai3_Button_LCD_1\Bai3_Button_LCD_1\timer\timer.c
              traffic_fsm   0x0002f0    program     extern C:\Users\ASUS\Downloads\Do_an\Do_an_TKLL\Bai3_Button_LCD_1\Bai3_Button_LCD_1\main.c
               update7SEG   0x003c7c    program     extern C:\Users\ASUS\Downloads\Do_an\Do_an_TKLL\Bai3_Button_LCD_1\Bai3_Button_LCD_1\button_matrix\seg7.c
                 v_timer0   0x001aa2    program     extern C:\Users\ASUS\Downloads\Do_an\Do_an_TKLL\Bai3_Button_LCD_1\Bai3_Button_LCD_1\lcd\lcd.c
               zero_block   0x0043e4    program     static E:\3.46\pic18-lt\cxx-framework\src\traditional\proc\p18f4620.asm
                   ADCON0   0x000fc2       data     extern E:\3.46\pic18-lt\cxx-framework\src\traditional\proc\p18f4620.asm
               ADCON0bits   0x000fc2       data     extern E:\3.46\pic18-lt\cxx-framework\src\traditional\proc\p18f4620.asm
                   ADCON1   0x000fc1       data     extern E:\3.46\pic18-lt\cxx-framework\src\traditional\proc\p18f4620.asm
               ADCON1bits   0x000fc1       data     extern E:\3.46\pic18-lt\cxx-framework\src\traditional\proc\p18f4620.asm
                   ADCON2   0x000fc0       data     extern E:\3.46\pic18-lt\cxx-framework\src\traditional\proc\p18f4620.asm
               ADCON2bits   0x000fc0       data     extern E:\3.46\pic18-lt\cxx-framework\src\traditional\proc\p18f4620.asm
                    ADRES   0x000fc3       data     extern E:\3.46\pic18-lt\cxx-framework\src\traditional\proc\p18f4620.asm
                   ADRESH   0x000fc4       data     extern E:\3.46\pic18-lt\cxx-framework\src\traditional\proc\p18f4620.asm
                   ADRESL   0x000fc3       data     extern E:\3.46\pic18-lt\cxx-framework\src\traditional\proc\p18f4620.asm
                  BAUDCON   0x000fb8       data     extern E:\3.46\pic18-lt\cxx-framework\src\traditional\proc\p18f4620.asm
              BAUDCONbits   0x000fb8       data     extern E:\3.46\pic18-lt\cxx-framework\src\traditional\proc\p18f4620.asm
                  BAUDCTL   0x000fb8       data     extern E:\3.46\pic18-lt\cxx-framework\src\traditional\proc\p18f4620.asm
              BAUDCTLbits   0x000fb8       data     extern E:\3.46\pic18-lt\cxx-framework\src\traditional\proc\p18f4620.asm
                      BSR   0x000fe0       data     extern E:\3.46\pic18-lt\cxx-framework\src\traditional\proc\p18f4620.asm
                  CCP1CON   0x000fbd       data     extern E:\3.46\pic18-lt\cxx-framework\src\traditional\proc\p18f4620.asm
              CCP1CONbits   0x000fbd       data     extern E:\3.46\pic18-lt\cxx-framework\src\traditional\proc\p18f4620.asm
                  CCP2CON   0x000fba       data     extern E:\3.46\pic18-lt\cxx-framework\src\traditional\proc\p18f4620.asm
              CCP2CONbits   0x000fba       data     extern E:\3.46\pic18-lt\cxx-framework\src\traditional\proc\p18f4620.asm
                    CCPR1   0x000fbe       data     extern E:\3.46\pic18-lt\cxx-framework\src\traditional\proc\p18f4620.asm
                   CCPR1H   0x000fbf       data     extern E:\3.46\pic18-lt\cxx-framework\src\traditional\proc\p18f4620.asm
                   CCPR1L   0x000fbe       data     extern E:\3.46\pic18-lt\cxx-framework\src\traditional\proc\p18f4620.asm
                    CCPR2   0x000fbb       data     extern E:\3.46\pic18-lt\cxx-framework\src\traditional\proc\p18f4620.asm
                   CCPR2H   0x000fbc       data     extern E:\3.46\pic18-lt\cxx-framework\src\traditional\proc\p18f4620.asm
                   CCPR2L   0x000fbb       data     extern E:\3.46\pic18-lt\cxx-framework\src\traditional\proc\p18f4620.asm
                    CMCON   0x000fb4       data     extern E:\3.46\pic18-lt\cxx-framework\src\traditional\proc\p18f4620.asm
                CMCONbits   0x000fb4       data     extern E:\3.46\pic18-lt\cxx-framework\src\traditional\proc\p18f4620.asm
                   CVRCON   0x000fb5       data     extern E:\3.46\pic18-lt\cxx-framework\src\traditional\proc\p18f4620.asm
               CVRCONbits   0x000fb5       data     extern E:\3.46\pic18-lt\cxx-framework\src\traditional\proc\p18f4620.asm
                     DDRA   0x000f92       data     extern E:\3.46\pic18-lt\cxx-framework\src\traditional\proc\p18f4620.asm
                 DDRAbits   0x000f92       data     extern E:\3.46\pic18-lt\cxx-framework\src\traditional\proc\p18f4620.asm
                     DDRB   0x000f93       data     extern E:\3.46\pic18-lt\cxx-framework\src\traditional\proc\p18f4620.asm
                 DDRBbits   0x000f93       data     extern E:\3.46\pic18-lt\cxx-framework\src\traditional\proc\p18f4620.asm
                     DDRC   0x000f94       data     extern E:\3.46\pic18-lt\cxx-framework\src\traditional\proc\p18f4620.asm
                 DDRCbits   0x000f94       data     extern E:\3.46\pic18-lt\cxx-framework\src\traditional\proc\p18f4620.asm
                     DDRD   0x000f95       data     extern E:\3.46\pic18-lt\cxx-framework\src\traditional\proc\p18f4620.asm
                 DDRDbits   0x000f95       data     extern E:\3.46\pic18-lt\cxx-framework\src\traditional\proc\p18f4620.asm
                     DDRE   0x000f96       data     extern E:\3.46\pic18-lt\cxx-framework\src\traditional\proc\p18f4620.asm
                 DDREbits   0x000f96       data     extern E:\3.46\pic18-lt\cxx-framework\src\traditional\proc\p18f4620.asm
                  ECCP1AS   0x000fb6       data     extern E:\3.46\pic18-lt\cxx-framework\src\traditional\proc\p18f4620.asm
              ECCP1ASbits   0x000fb6       data     extern E:\3.46\pic18-lt\cxx-framework\src\traditional\proc\p18f4620.asm
                    EEADR   0x000fa9       data     extern E:\3.46\pic18-lt\cxx-framework\src\traditional\proc\p18f4620.asm
                   EEADRH   0x000faa       data     extern E:\3.46\pic18-lt\cxx-framework\src\traditional\proc\p18f4620.asm
                   EECON1   0x000fa6       data     extern E:\3.46\pic18-lt\cxx-framework\src\traditional\proc\p18f4620.asm
               EECON1bits   0x000fa6       data     extern E:\3.46\pic18-lt\cxx-framework\src\traditional\proc\p18f4620.asm
                   EECON2   0x000fa7       data     extern E:\3.46\pic18-lt\cxx-framework\src\traditional\proc\p18f4620.asm
                   EEDATA   0x000fa8       data     extern E:\3.46\pic18-lt\cxx-framework\src\traditional\proc\p18f4620.asm
                     FSR0   0x000fe9       data     extern E:\3.46\pic18-lt\cxx-framework\src\traditional\proc\p18f4620.asm
                    FSR0H   0x000fea       data     extern E:\3.46\pic18-lt\cxx-framework\src\traditional\proc\p18f4620.asm
                    FSR0L   0x000fe9       data     extern E:\3.46\pic18-lt\cxx-framework\src\traditional\proc\p18f4620.asm
                     FSR1   0x000fe1       data     extern E:\3.46\pic18-lt\cxx-framework\src\traditional\proc\p18f4620.asm
                    FSR1H   0x000fe2       data     extern E:\3.46\pic18-lt\cxx-framework\src\traditional\proc\p18f4620.asm
                    FSR1L   0x000fe1       data     extern E:\3.46\pic18-lt\cxx-framework\src\traditional\proc\p18f4620.asm
                     FSR2   0x000fd9       data     extern E:\3.46\pic18-lt\cxx-framework\src\traditional\proc\p18f4620.asm
                    FSR2H   0x000fda       data     extern E:\3.46\pic18-lt\cxx-framework\src\traditional\proc\p18f4620.asm
                    FSR2L   0x000fd9       data     extern E:\3.46\pic18-lt\cxx-framework\src\traditional\proc\p18f4620.asm
          GREEN1_DURATION   0x0000e3       data     extern C:\Users\ASUS\Downloads\Do_an\Do_an_TKLL\Bai3_Button_LCD_1\Bai3_Button_LCD_1\main.c
          GREEN2_DURATION   0x0000e5       data     extern C:\Users\ASUS\Downloads\Do_an\Do_an_TKLL\Bai3_Button_LCD_1\Bai3_Button_LCD_1\main.c
                  HLVDCON   0x000fd2       data     extern E:\3.46\pic18-lt\cxx-framework\src\traditional\proc\p18f4620.asm
              HLVDCONbits   0x000fd2       data     extern E:\3.46\pic18-lt\cxx-framework\src\traditional\proc\p18f4620.asm
                    INDF0   0x000fef       data     extern E:\3.46\pic18-lt\cxx-framework\src\traditional\proc\p18f4620.asm
                    INDF1   0x000fe7       data     extern E:\3.46\pic18-lt\cxx-framework\src\traditional\proc\p18f4620.asm
                    INDF2   0x000fdf       data     extern E:\3.46\pic18-lt\cxx-framework\src\traditional\proc\p18f4620.asm
                   INTCON   0x000ff2       data     extern E:\3.46\pic18-lt\cxx-framework\src\traditional\proc\p18f4620.asm
                  INTCON2   0x000ff1       data     extern E:\3.46\pic18-lt\cxx-framework\src\traditional\proc\p18f4620.asm
              INTCON2bits   0x000ff1       data     extern E:\3.46\pic18-lt\cxx-framework\src\traditional\proc\p18f4620.asm
                  INTCON3   0x000ff0       data     extern E:\3.46\pic18-lt\cxx-framework\src\traditional\proc\p18f4620.asm
              INTCON3bits   0x000ff0       data     extern E:\3.46\pic18-lt\cxx-framework\src\traditional\proc\p18f4620.asm
               INTCONbits   0x000ff2       data     extern E:\3.46\pic18-lt\cxx-framework\src\traditional\proc\p18f4620.asm
                     IPR1   0x000f9f       data     extern E:\3.46\pic18-lt\cxx-framework\src\traditional\proc\p18f4620.asm
                 IPR1bits   0x000f9f       data     extern E:\3.46\pic18-lt\cxx-framework\src\traditional\proc\p18f4620.asm
                     IPR2   0x000fa2       data     extern E:\3.46\pic18-lt\cxx-framework\src\traditional\proc\p18f4620.asm
                 IPR2bits   0x000fa2       data     extern E:\3.46\pic18-lt\cxx-framework\src\traditional\proc\p18f4620.asm
                     LATA   0x000f89       data     extern E:\3.46\pic18-lt\cxx-framework\src\traditional\proc\p18f4620.asm
                 LATAbits   0x000f89       data     extern E:\3.46\pic18-lt\cxx-framework\src\traditional\proc\p18f4620.asm
                     LATB   0x000f8a       data     extern E:\3.46\pic18-lt\cxx-framework\src\traditional\proc\p18f4620.asm
                 LATBbits   0x000f8a       data     extern E:\3.46\pic18-lt\cxx-framework\src\traditional\proc\p18f4620.asm
                     LATC   0x000f8b       data     extern E:\3.46\pic18-lt\cxx-framework\src\traditional\proc\p18f4620.asm
                 LATCbits   0x000f8b       data     extern E:\3.46\pic18-lt\cxx-framework\src\traditional\proc\p18f4620.asm
                     LATD   0x000f8c       data     extern E:\3.46\pic18-lt\cxx-framework\src\traditional\proc\p18f4620.asm
                 LATDbits   0x000f8c       data     extern E:\3.46\pic18-lt\cxx-framework\src\traditional\proc\p18f4620.asm
                     LATE   0x000f8d       data     extern E:\3.46\pic18-lt\cxx-framework\src\traditional\proc\p18f4620.asm
                 LATEbits   0x000f8d       data     extern E:\3.46\pic18-lt\cxx-framework\src\traditional\proc\p18f4620.asm
                   LVDCON   0x000fd2       data     extern E:\3.46\pic18-lt\cxx-framework\src\traditional\proc\p18f4620.asm
               LVDCONbits   0x000fd2       data     extern E:\3.46\pic18-lt\cxx-framework\src\traditional\proc\p18f4620.asm
                LcdScreen   0x0000c1       data     extern C:\Users\ASUS\Downloads\Do_an\Do_an_TKLL\Bai3_Button_LCD_1\Bai3_Button_LCD_1\lcd\lcd.c
                      NUM   0x000112       data     extern C:\Users\ASUS\Downloads\Do_an\Do_an_TKLL\Bai3_Button_LCD_1\Bai3_Button_LCD_1\button_matrix\seg7.c
                   OSCCON   0x000fd3       data     extern E:\3.46\pic18-lt\cxx-framework\src\traditional\proc\p18f4620.asm
               OSCCONbits   0x000fd3       data     extern E:\3.46\pic18-lt\cxx-framework\src\traditional\proc\p18f4620.asm
                  OSCTUNE   0x000f9b       data     extern E:\3.46\pic18-lt\cxx-framework\src\traditional\proc\p18f4620.asm
              OSCTUNEbits   0x000f9b       data     extern E:\3.46\pic18-lt\cxx-framework\src\traditional\proc\p18f4620.asm
                       PC   0x000ff9       data     extern E:\3.46\pic18-lt\cxx-framework\src\traditional\proc\p18f4620.asm
                      PCL   0x000ff9       data     extern E:\3.46\pic18-lt\cxx-framework\src\traditional\proc\p18f4620.asm
                   PCLATH   0x000ffa       data     extern E:\3.46\pic18-lt\cxx-framework\src\traditional\proc\p18f4620.asm
                   PCLATU   0x000ffb       data     extern E:\3.46\pic18-lt\cxx-framework\src\traditional\proc\p18f4620.asm
                     PIE1   0x000f9d       data     extern E:\3.46\pic18-lt\cxx-framework\src\traditional\proc\p18f4620.asm
                 PIE1bits   0x000f9d       data     extern E:\3.46\pic18-lt\cxx-framework\src\traditional\proc\p18f4620.asm
                     PIE2   0x000fa0       data     extern E:\3.46\pic18-lt\cxx-framework\src\traditional\proc\p18f4620.asm
                 PIE2bits   0x000fa0       data     extern E:\3.46\pic18-lt\cxx-framework\src\traditional\proc\p18f4620.asm
                     PIR1   0x000f9e       data     extern E:\3.46\pic18-lt\cxx-framework\src\traditional\proc\p18f4620.asm
                 PIR1bits   0x000f9e       data     extern E:\3.46\pic18-lt\cxx-framework\src\traditional\proc\p18f4620.asm
                     PIR2   0x000fa1       data     extern E:\3.46\pic18-lt\cxx-framework\src\traditional\proc\p18f4620.asm
                 PIR2bits   0x000fa1       data     extern E:\3.46\pic18-lt\cxx-framework\src\traditional\proc\p18f4620.asm
                   PLUSW0   0x000feb       data     extern E:\3.46\pic18-lt\cxx-framework\src\traditional\proc\p18f4620.asm
                   PLUSW1   0x000fe3       data     extern E:\3.46\pic18-lt\cxx-framework\src\traditional\proc\p18f4620.asm
                   PLUSW2   0x000fdb       data     extern E:\3.46\pic18-lt\cxx-framework\src\traditional\proc\p18f4620.asm
                    PORTA   0x000f80       data     extern E:\3.46\pic18-lt\cxx-framework\src\traditional\proc\p18f4620.asm
                PORTAbits   0x000f80       data     extern E:\3.46\pic18-lt\cxx-framework\src\traditional\proc\p18f4620.asm
                    PORTB   0x000f81       data     extern E:\3.46\pic18-lt\cxx-framework\src\traditional\proc\p18f4620.asm
                PORTBbits   0x000f81       data     extern E:\3.46\pic18-lt\cxx-framework\src\traditional\proc\p18f4620.asm
                    PORTC   0x000f82       data     extern E:\3.46\pic18-lt\cxx-framework\src\traditional\proc\p18f4620.asm
                PORTCbits   0x000f82       data     extern E:\3.46\pic18-lt\cxx-framework\src\traditional\proc\p18f4620.asm
                    PORTD   0x000f83       data     extern E:\3.46\pic18-lt\cxx-framework\src\traditional\proc\p18f4620.asm
                PORTDbits   0x000f83       data     extern E:\3.46\pic18-lt\cxx-framework\src\traditional\proc\p18f4620.asm
                    PORTE   0x000f84       data     extern E:\3.46\pic18-lt\cxx-framework\src\traditional\proc\p18f4620.asm
                PORTEbits   0x000f84       data     extern E:\3.46\pic18-lt\cxx-framework\src\traditional\proc\p18f4620.asm
                 POSTDEC0   0x000fed       data     extern E:\3.46\pic18-lt\cxx-framework\src\traditional\proc\p18f4620.asm
                 POSTDEC1   0x000fe5       data     extern E:\3.46\pic18-lt\cxx-framework\src\traditional\proc\p18f4620.asm
                 POSTDEC2   0x000fdd       data     extern E:\3.46\pic18-lt\cxx-framework\src\traditional\proc\p18f4620.asm
                 POSTINC0   0x000fee       data     extern E:\3.46\pic18-lt\cxx-framework\src\traditional\proc\p18f4620.asm
                 POSTINC1   0x000fe6       data     extern E:\3.46\pic18-lt\cxx-framework\src\traditional\proc\p18f4620.asm
                 POSTINC2   0x000fde       data     extern E:\3.46\pic18-lt\cxx-framework\src\traditional\proc\p18f4620.asm
                      PR2   0x000fcb       data     extern E:\3.46\pic18-lt\cxx-framework\src\traditional\proc\p18f4620.asm
                  PREINC0   0x000fec       data     extern E:\3.46\pic18-lt\cxx-framework\src\traditional\proc\p18f4620.asm
                  PREINC1   0x000fe4       data     extern E:\3.46\pic18-lt\cxx-framework\src\traditional\proc\p18f4620.asm
                  PREINC2   0x000fdc       data     extern E:\3.46\pic18-lt\cxx-framework\src\traditional\proc\p18f4620.asm
                     PROD   0x000ff3       data     extern E:\3.46\pic18-lt\cxx-framework\src\traditional\proc\p18f4620.asm
                    PRODH   0x000ff4       data     extern E:\3.46\pic18-lt\cxx-framework\src\traditional\proc\p18f4620.asm
                    PRODL   0x000ff3       data     extern E:\3.46\pic18-lt\cxx-framework\src\traditional\proc\p18f4620.asm
                  PWM1CON   0x000fb7       data     extern E:\3.46\pic18-lt\cxx-framework\src\traditional\proc\p18f4620.asm
              PWM1CONbits   0x000fb7       data     extern E:\3.46\pic18-lt\cxx-framework\src\traditional\proc\p18f4620.asm
                     RCON   0x000fd0       data     extern E:\3.46\pic18-lt\cxx-framework\src\traditional\proc\p18f4620.asm
                 RCONbits   0x000fd0       data     extern E:\3.46\pic18-lt\cxx-framework\src\traditional\proc\p18f4620.asm
                    RCREG   0x000fae       data     extern E:\3.46\pic18-lt\cxx-framework\src\traditional\proc\p18f4620.asm
                    RCSTA   0x000fab       data     extern E:\3.46\pic18-lt\cxx-framework\src\traditional\proc\p18f4620.asm
                RCSTAbits   0x000fab       data     extern E:\3.46\pic18-lt\cxx-framework\src\traditional\proc\p18f4620.asm
                     SIGN   0x000000       data     extern E:\3.46\pic18-lt\cxx-framework\src\traditional\math\cmath18.asm
                    SPBRG   0x000faf       data     extern E:\3.46\pic18-lt\cxx-framework\src\traditional\proc\p18f4620.asm
                   SPBRGH   0x000fb0       data     extern E:\3.46\pic18-lt\cxx-framework\src\traditional\proc\p18f4620.asm
                   SSPADD   0x000fc8       data     extern E:\3.46\pic18-lt\cxx-framework\src\traditional\proc\p18f4620.asm
                   SSPBUF   0x000fc9       data     extern E:\3.46\pic18-lt\cxx-framework\src\traditional\proc\p18f4620.asm
                  SSPCON1   0x000fc6       data     extern E:\3.46\pic18-lt\cxx-framework\src\traditional\proc\p18f4620.asm
              SSPCON1bits   0x000fc6       data     extern E:\3.46\pic18-lt\cxx-framework\src\traditional\proc\p18f4620.asm
                  SSPCON2   0x000fc5       data     extern E:\3.46\pic18-lt\cxx-framework\src\traditional\proc\p18f4620.asm
              SSPCON2bits   0x000fc5       data     extern E:\3.46\pic18-lt\cxx-framework\src\traditional\proc\p18f4620.asm
                  SSPSTAT   0x000fc7       data     extern E:\3.46\pic18-lt\cxx-framework\src\traditional\proc\p18f4620.asm
              SSPSTATbits   0x000fc7       data     extern E:\3.46\pic18-lt\cxx-framework\src\traditional\proc\p18f4620.asm
                   STATUS   0x000fd8       data     extern E:\3.46\pic18-lt\cxx-framework\src\traditional\proc\p18f4620.asm
               STATUSbits   0x000fd8       data     extern E:\3.46\pic18-lt\cxx-framework\src\traditional\proc\p18f4620.asm
                   STKPTR   0x000ffc       data     extern E:\3.46\pic18-lt\cxx-framework\src\traditional\proc\p18f4620.asm
               STKPTRbits   0x000ffc       data     extern E:\3.46\pic18-lt\cxx-framework\src\traditional\proc\p18f4620.asm
                    T0CON   0x000fd5       data     extern E:\3.46\pic18-lt\cxx-framework\src\traditional\proc\p18f4620.asm
                T0CONbits   0x000fd5       data     extern E:\3.46\pic18-lt\cxx-framework\src\traditional\proc\p18f4620.asm
                    T1CON   0x000fcd       data     extern E:\3.46\pic18-lt\cxx-framework\src\traditional\proc\p18f4620.asm
                T1CONbits   0x000fcd       data     extern E:\3.46\pic18-lt\cxx-framework\src\traditional\proc\p18f4620.asm
                    T2CON   0x000fca       data     extern E:\3.46\pic18-lt\cxx-framework\src\traditional\proc\p18f4620.asm
                T2CONbits   0x000fca       data     extern E:\3.46\pic18-lt\cxx-framework\src\traditional\proc\p18f4620.asm
                    T3CON   0x000fb1       data     extern E:\3.46\pic18-lt\cxx-framework\src\traditional\proc\p18f4620.asm
                T3CONbits   0x000fb1       data     extern E:\3.46\pic18-lt\cxx-framework\src\traditional\proc\p18f4620.asm
                   TABLAT   0x000ff5       data     extern E:\3.46\pic18-lt\cxx-framework\src\traditional\proc\p18f4620.asm
                   TBLPTR   0x000ff6       data     extern E:\3.46\pic18-lt\cxx-framework\src\traditional\proc\p18f4620.asm
                  TBLPTRH   0x000ff7       data     extern E:\3.46\pic18-lt\cxx-framework\src\traditional\proc\p18f4620.asm
                  TBLPTRL   0x000ff6       data     extern E:\3.46\pic18-lt\cxx-framework\src\traditional\proc\p18f4620.asm
                  TBLPTRU   0x000ff8       data     extern E:\3.46\pic18-lt\cxx-framework\src\traditional\proc\p18f4620.asm
                    TMR0H   0x000fd7       data     extern E:\3.46\pic18-lt\cxx-framework\src\traditional\proc\p18f4620.asm
                    TMR0L   0x000fd6       data     extern E:\3.46\pic18-lt\cxx-framework\src\traditional\proc\p18f4620.asm
                    TMR1H   0x000fcf       data     extern E:\3.46\pic18-lt\cxx-framework\src\traditional\proc\p18f4620.asm
                    TMR1L   0x000fce       data     extern E:\3.46\pic18-lt\cxx-framework\src\traditional\proc\p18f4620.asm
                     TMR2   0x000fcc       data     extern E:\3.46\pic18-lt\cxx-framework\src\traditional\proc\p18f4620.asm
                    TMR3H   0x000fb3       data     extern E:\3.46\pic18-lt\cxx-framework\src\traditional\proc\p18f4620.asm
                    TMR3L   0x000fb2       data     extern E:\3.46\pic18-lt\cxx-framework\src\traditional\proc\p18f4620.asm
                      TOS   0x000ffd       data     extern E:\3.46\pic18-lt\cxx-framework\src\traditional\proc\p18f4620.asm
                     TOSH   0x000ffe       data     extern E:\3.46\pic18-lt\cxx-framework\src\traditional\proc\p18f4620.asm
                     TOSL   0x000ffd       data     extern E:\3.46\pic18-lt\cxx-framework\src\traditional\proc\p18f4620.asm
                     TOSU   0x000fff       data     extern E:\3.46\pic18-lt\cxx-framework\src\traditional\proc\p18f4620.asm
                    TRISA   0x000f92       data     extern E:\3.46\pic18-lt\cxx-framework\src\traditional\proc\p18f4620.asm
                TRISAbits   0x000f92       data     extern E:\3.46\pic18-lt\cxx-framework\src\traditional\proc\p18f4620.asm
                    TRISB   0x000f93       data     extern E:\3.46\pic18-lt\cxx-framework\src\traditional\proc\p18f4620.asm
                TRISBbits   0x000f93       data     extern E:\3.46\pic18-lt\cxx-framework\src\traditional\proc\p18f4620.asm
                    TRISC   0x000f94       data     extern E:\3.46\pic18-lt\cxx-framework\src\traditional\proc\p18f4620.asm
                TRISCbits   0x000f94       data     extern E:\3.46\pic18-lt\cxx-framework\src\traditional\proc\p18f4620.asm
                    TRISD   0x000f95       data     extern E:\3.46\pic18-lt\cxx-framework\src\traditional\proc\p18f4620.asm
                TRISDbits   0x000f95       data     extern E:\3.46\pic18-lt\cxx-framework\src\traditional\proc\p18f4620.asm
                    TRISE   0x000f96       data     extern E:\3.46\pic18-lt\cxx-framework\src\traditional\proc\p18f4620.asm
                TRISEbits   0x000f96       data     extern E:\3.46\pic18-lt\cxx-framework\src\traditional\proc\p18f4620.asm
                    TXREG   0x000fad       data     extern E:\3.46\pic18-lt\cxx-framework\src\traditional\proc\p18f4620.asm
                    TXSTA   0x000fac       data     extern E:\3.46\pic18-lt\cxx-framework\src\traditional\proc\p18f4620.asm
                TXSTAbits   0x000fac       data     extern E:\3.46\pic18-lt\cxx-framework\src\traditional\proc\p18f4620.asm
                 UserFont   0x000080       data     extern C:\Users\ASUS\Downloads\Do_an\Do_an_TKLL\Bai3_Button_LCD_1\Bai3_Button_LCD_1\lcd\lcd.c
                        W   0x000fe8       data     extern E:\3.46\pic18-lt\cxx-framework\src\traditional\proc\p18f4620.asm
                   WDTCON   0x000fd1       data     extern E:\3.46\pic18-lt\cxx-framework\src\traditional\proc\p18f4620.asm
               WDTCONbits   0x000fd1       data     extern E:\3.46\pic18-lt\cxx-framework\src\traditional\proc\p18f4620.asm
                     WREG   0x000fe8       data     extern E:\3.46\pic18-lt\cxx-framework\src\traditional\proc\p18f4620.asm
         YELLOW1_DURATION   0x0000e7       data     extern C:\Users\ASUS\Downloads\Do_an\Do_an_TKLL\Bai3_Button_LCD_1\Bai3_Button_LCD_1\main.c
         YELLOW2_DURATION   0x0000e9       data     extern C:\Users\ASUS\Downloads\Do_an\Do_an_TKLL\Bai3_Button_LCD_1\Bai3_Button_LCD_1\main.c
                 __AARGB0   0x000009       data     extern E:\3.46\pic18-lt\cxx-framework\src\traditional\math\aarg.asm
                 __AARGB1   0x000008       data     extern E:\3.46\pic18-lt\cxx-framework\src\traditional\math\aarg.asm
                 __AARGB2   0x000007       data     extern E:\3.46\pic18-lt\cxx-framework\src\traditional\math\aarg.asm
                 __AARGB3   0x000006       data     extern E:\3.46\pic18-lt\cxx-framework\src\traditional\math\aarg.asm
                 __AARGB4   0x000005       data     extern E:\3.46\pic18-lt\cxx-framework\src\traditional\math\aarg.asm
                 __AARGB5   0x000004       data     extern E:\3.46\pic18-lt\cxx-framework\src\traditional\math\aarg.asm
                 __AARGB6   0x000003       data     extern E:\3.46\pic18-lt\cxx-framework\src\traditional\math\aarg.asm
                 __AARGB7   0x000002       data     extern E:\3.46\pic18-lt\cxx-framework\src\traditional\math\aarg.asm
                   __AEXP   0x00000a       data     extern E:\3.46\pic18-lt\cxx-framework\src\traditional\math\aarg.asm
                 __BARGB0   0x00000e       data     extern E:\3.46\pic18-lt\cxx-framework\src\traditional\math\barg.asm
                 __BARGB1   0x00000d       data     extern E:\3.46\pic18-lt\cxx-framework\src\traditional\math\barg.asm
                 __BARGB2   0x00000c       data     extern E:\3.46\pic18-lt\cxx-framework\src\traditional\math\barg.asm
                 __BARGB3   0x00000b       data     extern E:\3.46\pic18-lt\cxx-framework\src\traditional\math\barg.asm
                   __BEXP   0x00000f       data     extern E:\3.46\pic18-lt\cxx-framework\src\traditional\math\barg.asm
                __FPFLAGS   0x000001       data     extern E:\3.46\pic18-lt\cxx-framework\src\traditional\math\cmath18.asm
            __FPFLAGSbits   0x000001       data     extern E:\3.46\pic18-lt\cxx-framework\src\traditional\math\cmath18.asm
                  __REMB0   0x000005       data     extern E:\3.46\pic18-lt\cxx-framework\src\traditional\math\aarg.asm
                  __REMB1   0x000004       data     extern E:\3.46\pic18-lt\cxx-framework\src\traditional\math\aarg.asm
                  __REMB2   0x000003       data     extern E:\3.46\pic18-lt\cxx-framework\src\traditional\math\aarg.asm
                  __REMB3   0x000002       data     extern E:\3.46\pic18-lt\cxx-framework\src\traditional\math\aarg.asm
                   __TEMP   0x000013       data     extern E:\3.46\pic18-lt\cxx-framework\src\traditional\math\temparg.asm
                 __TEMPB0   0x000013       data     extern E:\3.46\pic18-lt\cxx-framework\src\traditional\math\temparg.asm
                 __TEMPB1   0x000012       data     extern E:\3.46\pic18-lt\cxx-framework\src\traditional\math\temparg.asm
                 __TEMPB2   0x000011       data     extern E:\3.46\pic18-lt\cxx-framework\src\traditional\math\temparg.asm
                 __TEMPB3   0x000010       data     extern E:\3.46\pic18-lt\cxx-framework\src\traditional\math\temparg.asm
                  __tmp_0   0x000014       data     static C:\Users\ASUS\Downloads\Do_an\Do_an_TKLL\Bai3_Button_LCD_1\Bai3_Button_LCD_1\main.c
                  __tmp_0   0x000014       data     static C:\Users\ASUS\Downloads\Do_an\Do_an_TKLL\Bai3_Button_LCD_1\Bai3_Button_LCD_1\button_matrix\button.c
                  __tmp_0   0x000014       data     static C:\Users\ASUS\Downloads\Do_an\Do_an_TKLL\Bai3_Button_LCD_1\Bai3_Button_LCD_1\timer\timer.c
                  __tmp_0   0x000014       data     static C:\Users\ASUS\Downloads\Do_an\Do_an_TKLL\Bai3_Button_LCD_1\Bai3_Button_LCD_1\lcd\lcd.c
                  __tmp_0   0x000014       data     static C:\Users\ASUS\Downloads\Do_an\Do_an_TKLL\Bai3_Button_LCD_1\Bai3_Button_LCD_1\button_matrix\seg7.c
                  __tmp_0   0x000014       data     static C:\Users\ASUS\Downloads\Do_an\Do_an_TKLL\Bai3_Button_LCD_1\Bai3_Button_LCD_1\button_matrix\output.c
         arrayMapOfOutput   0x0001dc       data     extern C:\Users\ASUS\Downloads\Do_an\Do_an_TKLL\Bai3_Button_LCD_1\Bai3_Button_LCD_1\button_matrix\output.c
   arrayMaskInputOfButton   0x0001d4       data     extern C:\Users\ASUS\Downloads\Do_an\Do_an_TKLL\Bai3_Button_LCD_1\Bai3_Button_LCD_1\button_matrix\button.c
      arrayMaskInputOfKey   0x0001d0       data     extern C:\Users\ASUS\Downloads\Do_an\Do_an_TKLL\Bai3_Button_LCD_1\Bai3_Button_LCD_1\button_matrix\button.c
     arrayMaskOutputOfKey   0x0001cc       data     extern C:\Users\ASUS\Downloads\Do_an\Do_an_TKLL\Bai3_Button_LCD_1\Bai3_Button_LCD_1\button_matrix\button.c
                     cnt0   0x0000fb       data     extern C:\Users\ASUS\Downloads\Do_an\Do_an_TKLL\Bai3_Button_LCD_1\Bai3_Button_LCD_1\interrupt\interrupt.c
                     cnt1   0x0000fd       data     extern C:\Users\ASUS\Downloads\Do_an\Do_an_TKLL\Bai3_Button_LCD_1\Bai3_Button_LCD_1\interrupt\interrupt.c
                curr_byte   0x000f23       data     static E:\3.46\pic18-lt\cxx-framework\src\traditional\startup\c018i.c
               curr_entry   0x000f25       data     static E:\3.46\pic18-lt\cxx-framework\src\traditional\startup\c018i.c
              current_col   0x0000f9       data     extern C:\Users\ASUS\Downloads\Do_an\Do_an_TKLL\Bai3_Button_LCD_1\Bai3_Button_LCD_1\lcd\lcd.c
              current_row   0x0000f7       data     extern C:\Users\ASUS\Downloads\Do_an\Do_an_TKLL\Bai3_Button_LCD_1\Bai3_Button_LCD_1\lcd\lcd.c
                 data_ptr   0x000f27       data     static E:\3.46\pic18-lt\cxx-framework\src\traditional\startup\c018i.c
              flag_timer0   0x000f08       data     extern C:\Users\ASUS\Downloads\Do_an\Do_an_TKLL\Bai3_Button_LCD_1\Bai3_Button_LCD_1\timer\timer.c
              flag_timer1   0x000f09       data     extern C:\Users\ASUS\Downloads\Do_an\Do_an_TKLL\Bai3_Button_LCD_1\Bai3_Button_LCD_1\timer\timer.c
              flag_timer2   0x000f0a       data     extern C:\Users\ASUS\Downloads\Do_an\Do_an_TKLL\Bai3_Button_LCD_1\Bai3_Button_LCD_1\timer\timer.c
              flag_timer3   0x000f0b       data     extern C:\Users\ASUS\Downloads\Do_an\Do_an_TKLL\Bai3_Button_LCD_1\Bai3_Button_LCD_1\timer\timer.c
            green1_modify   0x0000eb       data     extern C:\Users\ASUS\Downloads\Do_an\Do_an_TKLL\Bai3_Button_LCD_1\Bai3_Button_LCD_1\main.c
            green2_modify   0x0000ed       data     extern C:\Users\ASUS\Downloads\Do_an\Do_an_TKLL\Bai3_Button_LCD_1\Bai3_Button_LCD_1\main.c
                 key_code   0x0001ac       data     extern C:\Users\ASUS\Downloads\Do_an\Do_an_TKLL\Bai3_Button_LCD_1\Bai3_Button_LCD_1\button_matrix\button.c
               led_buffer   0x000108       data     extern C:\Users\ASUS\Downloads\Do_an\Do_an_TKLL\Bai3_Button_LCD_1\Bai3_Button_LCD_1\button_matrix\seg7.c
                led_index   0x000110       data     extern C:\Users\ASUS\Downloads\Do_an\Do_an_TKLL\Bai3_Button_LCD_1\Bai3_Button_LCD_1\button_matrix\seg7.c
                     mode   0x0000e1       data     extern C:\Users\ASUS\Downloads\Do_an\Do_an_TKLL\Bai3_Button_LCD_1\Bai3_Button_LCD_1\main.c
       numberOfPushButton   0x0000f6       data     extern C:\Users\ASUS\Downloads\Do_an\Do_an_TKLL\Bai3_Button_LCD_1\Bai3_Button_LCD_1\main.c
                   portAo   0x0001f8       data     extern C:\Users\ASUS\Downloads\Do_an\Do_an_TKLL\Bai3_Button_LCD_1\Bai3_Button_LCD_1\button_matrix\output.c
                  portAo2   0x0001f4       data     extern C:\Users\ASUS\Downloads\Do_an\Do_an_TKLL\Bai3_Button_LCD_1\Bai3_Button_LCD_1\button_matrix\output.c
           portAo2_length   0x0001f6       data     extern C:\Users\ASUS\Downloads\Do_an\Do_an_TKLL\Bai3_Button_LCD_1\Bai3_Button_LCD_1\button_matrix\output.c
                  portAo3   0x0001fc       data     extern C:\Users\ASUS\Downloads\Do_an\Do_an_TKLL\Bai3_Button_LCD_1\Bai3_Button_LCD_1\button_matrix\output.c
           portAo3_length   0x0001fe       data     extern C:\Users\ASUS\Downloads\Do_an\Do_an_TKLL\Bai3_Button_LCD_1\Bai3_Button_LCD_1\button_matrix\output.c
            portAo_length   0x0001fa       data     extern C:\Users\ASUS\Downloads\Do_an\Do_an_TKLL\Bai3_Button_LCD_1\Bai3_Button_LCD_1\button_matrix\output.c
                 portScan   0x000100       data     extern C:\Users\ASUS\Downloads\Do_an\Do_an_TKLL\Bai3_Button_LCD_1\Bai3_Button_LCD_1\button_matrix\seg7.c
                     prom   0x000f20       data     static E:\3.46\pic18-lt\cxx-framework\src\traditional\startup\c018i.c
                   states   0x0000f3       data     extern C:\Users\ASUS\Downloads\Do_an\Do_an_TKLL\Bai3_Button_LCD_1\Bai3_Button_LCD_1\main.c
                statusLCD   0x0000c0       data     extern C:\Users\ASUS\Downloads\Do_an\Do_an_TKLL\Bai3_Button_LCD_1\Bai3_Button_LCD_1\lcd\lcd.c
             statusOutput   0x0001e4       data     extern C:\Users\ASUS\Downloads\Do_an\Do_an_TKLL\Bai3_Button_LCD_1\Bai3_Button_LCD_1\button_matrix\output.c
            statusOutput2   0x0001ec       data     extern C:\Users\ASUS\Downloads\Do_an\Do_an_TKLL\Bai3_Button_LCD_1\Bai3_Button_LCD_1\button_matrix\output.c
                time0_MUL   0x000f18       data     extern C:\Users\ASUS\Downloads\Do_an\Do_an_TKLL\Bai3_Button_LCD_1\Bai3_Button_LCD_1\timer\timer.c
                time1_MUL   0x000f1a       data     extern C:\Users\ASUS\Downloads\Do_an\Do_an_TKLL\Bai3_Button_LCD_1\Bai3_Button_LCD_1\timer\timer.c
                time2_MUL   0x000f1c       data     extern C:\Users\ASUS\Downloads\Do_an\Do_an_TKLL\Bai3_Button_LCD_1\Bai3_Button_LCD_1\timer\timer.c
                time3_MUL   0x000f1e       data     extern C:\Users\ASUS\Downloads\Do_an\Do_an_TKLL\Bai3_Button_LCD_1\Bai3_Button_LCD_1\timer\timer.c
            time_in_state   0x0000f4       data     extern C:\Users\ASUS\Downloads\Do_an\Do_an_TKLL\Bai3_Button_LCD_1\Bai3_Button_LCD_1\main.c
               timer0_cnt   0x000f10       data     extern C:\Users\ASUS\Downloads\Do_an\Do_an_TKLL\Bai3_Button_LCD_1\Bai3_Button_LCD_1\timer\timer.c
             timer0_value   0x000f00       data     extern C:\Users\ASUS\Downloads\Do_an\Do_an_TKLL\Bai3_Button_LCD_1\Bai3_Button_LCD_1\timer\timer.c
               timer1_cnt   0x000f12       data     extern C:\Users\ASUS\Downloads\Do_an\Do_an_TKLL\Bai3_Button_LCD_1\Bai3_Button_LCD_1\timer\timer.c
             timer1_value   0x000f02       data     extern C:\Users\ASUS\Downloads\Do_an\Do_an_TKLL\Bai3_Button_LCD_1\Bai3_Button_LCD_1\timer\timer.c
               timer2_cnt   0x000f14       data     extern C:\Users\ASUS\Downloads\Do_an\Do_an_TKLL\Bai3_Button_LCD_1\Bai3_Button_LCD_1\timer\timer.c
             timer2_value   0x000f04       data     extern C:\Users\ASUS\Downloads\Do_an\Do_an_TKLL\Bai3_Button_LCD_1\Bai3_Button_LCD_1\timer\timer.c
               timer3_cnt   0x000f16       data     extern C:\Users\ASUS\Downloads\Do_an\Do_an_TKLL\Bai3_Button_LCD_1\Bai3_Button_LCD_1\timer\timer.c
             timer3_value   0x000f06       data     extern C:\Users\ASUS\Downloads\Do_an\Do_an_TKLL\Bai3_Button_LCD_1\Bai3_Button_LCD_1\timer\timer.c
                   v_cnt0   0x000f0c       data     extern C:\Users\ASUS\Downloads\Do_an\Do_an_TKLL\Bai3_Button_LCD_1\Bai3_Button_LCD_1\timer\timer.c
                   v_cnt1   0x000f0e       data     extern C:\Users\ASUS\Downloads\Do_an\Do_an_TKLL\Bai3_Button_LCD_1\Bai3_Button_LCD_1\timer\timer.c
           yellow1_modify   0x0000ef       data     extern C:\Users\ASUS\Downloads\Do_an\Do_an_TKLL\Bai3_Button_LCD_1\Bai3_Button_LCD_1\main.c
           yellow2_modify   0x0000f1       data     extern C:\Users\ASUS\Downloads\Do_an\Do_an_TKLL\Bai3_Button_LCD_1\Bai3_Button_LCD_1\main.c



                              Symbols - Sorted by Address
                     Name    Address   Location    Storage File                     
                ---------  ---------  ---------  --------- ---------                
                   _entry   0x000000    program     extern E:\3.46\pic18-lt\cxx-framework\src\traditional\startup\c018i.c
       ___return_lbl00000   0x000004    program     static                          
                   __init   0x000006    program     extern E:\3.46\pic18-lt\cxx-framework\src\traditional\stdclib\__init.c
      InterruptVectorHigh   0x000008    program     extern C:\Users\ASUS\Downloads\Do_an\Do_an_TKLL\Bai3_Button_LCD_1\Bai3_Button_LCD_1\interrupt\interrupt.c
       ___return_lbl00003   0x00000c    program     static                          
       InterruptVectorLow   0x000018    program     extern C:\Users\ASUS\Downloads\Do_an\Do_an_TKLL\Bai3_Button_LCD_1\Bai3_Button_LCD_1\interrupt\interrupt.c
       ___return_lbl00002   0x00001c    program     static                          
                     main   0x000074    program     extern C:\Users\ASUS\Downloads\Do_an\Do_an_TKLL\Bai3_Button_LCD_1\Bai3_Button_LCD_1\main.c
                 delay_ms   0x00009e    program     extern C:\Users\ASUS\Downloads\Do_an\Do_an_TKLL\Bai3_Button_LCD_1\Bai3_Button_LCD_1\main.c
              init_system   0x000126    program     extern C:\Users\ASUS\Downloads\Do_an\Do_an_TKLL\Bai3_Button_LCD_1\Bai3_Button_LCD_1\main.c
             init_traffic   0x0001c6    program     extern C:\Users\ASUS\Downloads\Do_an\Do_an_TKLL\Bai3_Button_LCD_1\Bai3_Button_LCD_1\main.c
              traffic_fsm   0x0002f0    program     extern C:\Users\ASUS\Downloads\Do_an\Do_an_TKLL\Bai3_Button_LCD_1\Bai3_Button_LCD_1\main.c
              displayTime   0x0007e8    program     extern C:\Users\ASUS\Downloads\Do_an\Do_an_TKLL\Bai3_Button_LCD_1\Bai3_Button_LCD_1\main.c
             displayTime2   0x000974    program     extern C:\Users\ASUS\Downloads\Do_an\Do_an_TKLL\Bai3_Button_LCD_1\Bai3_Button_LCD_1\main.c
             displayTime3   0x000b88    program     extern C:\Users\ASUS\Downloads\Do_an\Do_an_TKLL\Bai3_Button_LCD_1\Bai3_Button_LCD_1\main.c
setting_when_changing_mode   0x000e44    program     extern C:\Users\ASUS\Downloads\Do_an\Do_an_TKLL\Bai3_Button_LCD_1\Bai3_Button_LCD_1\main.c
        button_processing   0x0010e2    program     extern C:\Users\ASUS\Downloads\Do_an\Do_an_TKLL\Bai3_Button_LCD_1\Bai3_Button_LCD_1\main.c
               modify_fsm   0x0016a8    program     extern C:\Users\ASUS\Downloads\Do_an\Do_an_TKLL\Bai3_Button_LCD_1\Bai3_Button_LCD_1\main.c
               isButtonUp   0x0018f0    program     extern C:\Users\ASUS\Downloads\Do_an\Do_an_TKLL\Bai3_Button_LCD_1\Bai3_Button_LCD_1\main.c
             isButtonDown   0x00191c    program     extern C:\Users\ASUS\Downloads\Do_an\Do_an_TKLL\Bai3_Button_LCD_1\Bai3_Button_LCD_1\main.c
         BaiTap_ChongRung   0x00192c    program     extern C:\Users\ASUS\Downloads\Do_an\Do_an_TKLL\Bai3_Button_LCD_1\Bai3_Button_LCD_1\main.c
           Test_KeyMatrix   0x00198e    program     extern C:\Users\ASUS\Downloads\Do_an\Do_an_TKLL\Bai3_Button_LCD_1\Bai3_Button_LCD_1\main.c
                lcd_delay   0x001a12    program     extern C:\Users\ASUS\Downloads\Do_an\Do_an_TKLL\Bai3_Button_LCD_1\Bai3_Button_LCD_1\lcd\lcd.c
                 v_timer0   0x001aa2    program     extern C:\Users\ASUS\Downloads\Do_an\Do_an_TKLL\Bai3_Button_LCD_1\Bai3_Button_LCD_1\lcd\lcd.c
          lcd_sendCommand   0x001b32    program     extern C:\Users\ASUS\Downloads\Do_an\Do_an_TKLL\Bai3_Button_LCD_1\Bai3_Button_LCD_1\lcd\lcd.c
                 init_lcd   0x001bb2    program     extern C:\Users\ASUS\Downloads\Do_an\Do_an_TKLL\Bai3_Button_LCD_1\Bai3_Button_LCD_1\lcd\lcd.c
          lcd_read_status   0x001cc0    program     extern C:\Users\ASUS\Downloads\Do_an\Do_an_TKLL\Bai3_Button_LCD_1\Bai3_Button_LCD_1\lcd\lcd.c
            lcd_wait_busy   0x001d76    program     extern C:\Users\ASUS\Downloads\Do_an\Do_an_TKLL\Bai3_Button_LCD_1\Bai3_Button_LCD_1\lcd\lcd.c
          lcd_write_4bits   0x001d96    program     extern C:\Users\ASUS\Downloads\Do_an\Do_an_TKLL\Bai3_Button_LCD_1\Bai3_Button_LCD_1\lcd\lcd.c
            lcd_write_cmd   0x001ddc    program     extern C:\Users\ASUS\Downloads\Do_an\Do_an_TKLL\Bai3_Button_LCD_1\Bai3_Button_LCD_1\lcd\lcd.c
           lcd_write_data   0x001e18    program     extern C:\Users\ASUS\Downloads\Do_an\Do_an_TKLL\Bai3_Button_LCD_1\Bai3_Button_LCD_1\lcd\lcd.c
              lcd_putchar   0x001e56    program     extern C:\Users\ASUS\Downloads\Do_an\Do_an_TKLL\Bai3_Button_LCD_1\Bai3_Button_LCD_1\lcd\lcd.c
           lcd_print_char   0x001e70    program     extern C:\Users\ASUS\Downloads\Do_an\Do_an_TKLL\Bai3_Button_LCD_1\Bai3_Button_LCD_1\lcd\lcd.c
            lcd_print_str   0x001e8a    program     extern C:\Users\ASUS\Downloads\Do_an\Do_an_TKLL\Bai3_Button_LCD_1\Bai3_Button_LCD_1\lcd\lcd.c
           lcd_set_cursor   0x001eca    program     extern C:\Users\ASUS\Downloads\Do_an\Do_an_TKLL\Bai3_Button_LCD_1\Bai3_Button_LCD_1\lcd\lcd.c
                lcd_clear   0x001f04    program     extern C:\Users\ASUS\Downloads\Do_an\Do_an_TKLL\Bai3_Button_LCD_1\Bai3_Button_LCD_1\lcd\lcd.c
             lcd_power_of   0x001f18    program     extern C:\Users\ASUS\Downloads\Do_an\Do_an_TKLL\Bai3_Button_LCD_1\Bai3_Button_LCD_1\lcd\lcd.c
            lcd_print_num   0x001ffa    program     extern C:\Users\ASUS\Downloads\Do_an\Do_an_TKLL\Bai3_Button_LCD_1\Bai3_Button_LCD_1\lcd\lcd.c
              LcdPrintNum   0x002230    program     extern C:\Users\ASUS\Downloads\Do_an\Do_an_TKLL\Bai3_Button_LCD_1\Bai3_Button_LCD_1\lcd\lcd.c
           LcdPrintString   0x002278    program     extern C:\Users\ASUS\Downloads\Do_an\Do_an_TKLL\Bai3_Button_LCD_1\Bai3_Button_LCD_1\lcd\lcd.c
          lcd_print_charS   0x0022ac    program     extern C:\Users\ASUS\Downloads\Do_an\Do_an_TKLL\Bai3_Button_LCD_1\Bai3_Button_LCD_1\lcd\lcd.c
                LcdClearS   0x0022f2    program     extern C:\Users\ASUS\Downloads\Do_an\Do_an_TKLL\Bai3_Button_LCD_1\Bai3_Button_LCD_1\lcd\lcd.c
         DisplayLcdScreen   0x002350    program     extern C:\Users\ASUS\Downloads\Do_an\Do_an_TKLL\Bai3_Button_LCD_1\Bai3_Button_LCD_1\lcd\lcd.c
        DisplayLcdScreen2   0x002448    program     extern C:\Users\ASUS\Downloads\Do_an\Do_an_TKLL\Bai3_Button_LCD_1\Bai3_Button_LCD_1\lcd\lcd.c
      DisplayLcdScreenOld   0x0024ce    program     extern C:\Users\ASUS\Downloads\Do_an\Do_an_TKLL\Bai3_Button_LCD_1\Bai3_Button_LCD_1\lcd\lcd.c
            LcdPrintCharS   0x002538    program     extern C:\Users\ASUS\Downloads\Do_an\Do_an_TKLL\Bai3_Button_LCD_1\Bai3_Button_LCD_1\lcd\lcd.c
             LcdPrintNumS   0x00258e    program     extern C:\Users\ASUS\Downloads\Do_an\Do_an_TKLL\Bai3_Button_LCD_1\Bai3_Button_LCD_1\lcd\lcd.c
          LcdPrintStringS   0x0027dc    program     extern C:\Users\ASUS\Downloads\Do_an\Do_an_TKLL\Bai3_Button_LCD_1\Bai3_Button_LCD_1\lcd\lcd.c
               OpenOutput   0x002832    program     extern C:\Users\ASUS\Downloads\Do_an\Do_an_TKLL\Bai3_Button_LCD_1\Bai3_Button_LCD_1\button_matrix\output.c
              CloseOutput   0x002882    program     extern C:\Users\ASUS\Downloads\Do_an\Do_an_TKLL\Bai3_Button_LCD_1\Bai3_Button_LCD_1\button_matrix\output.c
            ReverseOutput   0x0028d2    program     extern C:\Users\ASUS\Downloads\Do_an\Do_an_TKLL\Bai3_Button_LCD_1\Bai3_Button_LCD_1\button_matrix\output.c
              OpenOutput2   0x00294e    program     extern C:\Users\ASUS\Downloads\Do_an\Do_an_TKLL\Bai3_Button_LCD_1\Bai3_Button_LCD_1\button_matrix\output.c
             CloseOutput2   0x00299e    program     extern C:\Users\ASUS\Downloads\Do_an\Do_an_TKLL\Bai3_Button_LCD_1\Bai3_Button_LCD_1\button_matrix\output.c
           ReverseOutput2   0x0029ee    program     extern C:\Users\ASUS\Downloads\Do_an\Do_an_TKLL\Bai3_Button_LCD_1\Bai3_Button_LCD_1\button_matrix\output.c
                 setPort2   0x002a3c    program     extern C:\Users\ASUS\Downloads\Do_an\Do_an_TKLL\Bai3_Button_LCD_1\Bai3_Button_LCD_1\button_matrix\output.c
              OpenOutputE   0x002a68    program     extern C:\Users\ASUS\Downloads\Do_an\Do_an_TKLL\Bai3_Button_LCD_1\Bai3_Button_LCD_1\button_matrix\output.c
             CloseOutputE   0x002a72    program     extern C:\Users\ASUS\Downloads\Do_an\Do_an_TKLL\Bai3_Button_LCD_1\Bai3_Button_LCD_1\button_matrix\output.c
                sendData2   0x002a7c    program     extern C:\Users\ASUS\Downloads\Do_an\Do_an_TKLL\Bai3_Button_LCD_1\Bai3_Button_LCD_1\button_matrix\output.c
        OpenOutputPortAo2   0x002b52    program     extern C:\Users\ASUS\Downloads\Do_an\Do_an_TKLL\Bai3_Button_LCD_1\Bai3_Button_LCD_1\button_matrix\output.c
       CloseOutputPortAo2   0x002bc6    program     extern C:\Users\ASUS\Downloads\Do_an\Do_an_TKLL\Bai3_Button_LCD_1\Bai3_Button_LCD_1\button_matrix\output.c
               setPortAo2   0x002c3c    program     extern C:\Users\ASUS\Downloads\Do_an\Do_an_TKLL\Bai3_Button_LCD_1\Bai3_Button_LCD_1\button_matrix\output.c
             Flash_yellow   0x002c8e    program     extern C:\Users\ASUS\Downloads\Do_an\Do_an_TKLL\Bai3_Button_LCD_1\Bai3_Button_LCD_1\button_matrix\output.c
     ReverseOutputPortAo2   0x002cde    program     extern C:\Users\ASUS\Downloads\Do_an\Do_an_TKLL\Bai3_Button_LCD_1\Bai3_Button_LCD_1\button_matrix\output.c
                 sendData   0x002d3a    program     extern C:\Users\ASUS\Downloads\Do_an\Do_an_TKLL\Bai3_Button_LCD_1\Bai3_Button_LCD_1\button_matrix\output.c
         OpenOutputPortAo   0x002e10    program     extern C:\Users\ASUS\Downloads\Do_an\Do_an_TKLL\Bai3_Button_LCD_1\Bai3_Button_LCD_1\button_matrix\output.c
        CloseOutputPortAo   0x002e84    program     extern C:\Users\ASUS\Downloads\Do_an\Do_an_TKLL\Bai3_Button_LCD_1\Bai3_Button_LCD_1\button_matrix\output.c
                setPortAo   0x002efa    program     extern C:\Users\ASUS\Downloads\Do_an\Do_an_TKLL\Bai3_Button_LCD_1\Bai3_Button_LCD_1\button_matrix\output.c
      ReverseOutputPortAo   0x002f4c    program     extern C:\Users\ASUS\Downloads\Do_an\Do_an_TKLL\Bai3_Button_LCD_1\Bai3_Button_LCD_1\button_matrix\output.c
                sendData3   0x002fa8    program     extern C:\Users\ASUS\Downloads\Do_an\Do_an_TKLL\Bai3_Button_LCD_1\Bai3_Button_LCD_1\button_matrix\output.c
        OpenOutputPortAo3   0x003082    program     extern C:\Users\ASUS\Downloads\Do_an\Do_an_TKLL\Bai3_Button_LCD_1\Bai3_Button_LCD_1\button_matrix\output.c
       CloseOutputPortAo3   0x0030f6    program     extern C:\Users\ASUS\Downloads\Do_an\Do_an_TKLL\Bai3_Button_LCD_1\Bai3_Button_LCD_1\button_matrix\output.c
               setPortAo3   0x00316c    program     extern C:\Users\ASUS\Downloads\Do_an\Do_an_TKLL\Bai3_Button_LCD_1\Bai3_Button_LCD_1\button_matrix\output.c
     ReverseOutputPortAo3   0x0031be    program     extern C:\Users\ASUS\Downloads\Do_an\Do_an_TKLL\Bai3_Button_LCD_1\Bai3_Button_LCD_1\button_matrix\output.c
              init_timer0   0x00321a    program     extern C:\Users\ASUS\Downloads\Do_an\Do_an_TKLL\Bai3_Button_LCD_1\Bai3_Button_LCD_1\timer\timer.c
              stop_timer0   0x0032ce    program     extern C:\Users\ASUS\Downloads\Do_an\Do_an_TKLL\Bai3_Button_LCD_1\Bai3_Button_LCD_1\timer\timer.c
             start_timer0   0x0032d2    program     extern C:\Users\ASUS\Downloads\Do_an\Do_an_TKLL\Bai3_Button_LCD_1\Bai3_Button_LCD_1\timer\timer.c
[...]
                     DDRB   0x000f93       data     extern E:\3.46\pic18-lt\cxx-framework\src\traditional\proc\p18f4620.asm
                    TRISB   0x000f93       data     extern E:\3.46\pic18-lt\cxx-framework\src\traditional\proc\p18f4620.asm
                TRISBbits   0x000f93       data     extern E:\3.46\pic18-lt\cxx-framework\src\traditional\proc\p18f4620.asm
                TRISCbits   0x000f94       data     extern E:\3.46\pic18-lt\cxx-framework\src\traditional\proc\p18f4620.asm
                    TRISC   0x000f94       data     extern E:\3.46\pic18-lt\cxx-framework\src\traditional\proc\p18f4620.asm
                     DDRC   0x000f94       data     extern E:\3.46\pic18-lt\cxx-framework\src\traditional\proc\p18f4620.asm
                 DDRCbits   0x000f94       data     extern E:\3.46\pic18-lt\cxx-framework\src\traditional\proc\p18f4620.asm
                TRISDbits   0x000f95       data     extern E:\3.46\pic18-lt\cxx-framework\src\traditional\proc\p18f4620.asm
                    TRISD   0x000f95       data     extern E:\3.46\pic18-lt\cxx-framework\src\traditional\proc\p18f4620.asm
                 DDRDbits   0x000f95       data     extern E:\3.46\pic18-lt\cxx-framework\src\traditional\proc\p18f4620.asm
                     DDRD   0x000f95       data     extern E:\3.46\pic18-lt\cxx-framework\src\traditional\proc\p18f4620.asm
                TRISEbits   0x000f96       data     extern E:\3.46\pic18-lt\cxx-framework\src\traditional\proc\p18f4620.asm
                    TRISE   0x000f96       data     extern E:\3.46\pic18-lt\cxx-framework\src\traditional\proc\p18f4620.asm
                     DDRE   0x000f96       data     extern E:\3.46\pic18-lt\cxx-framework\src\traditional\proc\p18f4620.asm
                 DDREbits   0x000f96       data     extern E:\3.46\pic18-lt\cxx-framework\src\traditional\proc\p18f4620.asm
                  OSCTUNE   0x000f9b       data     extern E:\3.46\pic18-lt\cxx-framework\src\traditional\proc\p18f4620.asm
              OSCTUNEbits   0x000f9b       data     extern E:\3.46\pic18-lt\cxx-framework\src\traditional\proc\p18f4620.asm
                     PIE1   0x000f9d       data     extern E:\3.46\pic18-lt\cxx-framework\src\traditional\proc\p18f4620.asm
                 PIE1bits   0x000f9d       data     extern E:\3.46\pic18-lt\cxx-framework\src\traditional\proc\p18f4620.asm
                     PIR1   0x000f9e       data     extern E:\3.46\pic18-lt\cxx-framework\src\traditional\proc\p18f4620.asm
                 PIR1bits   0x000f9e       data     extern E:\3.46\pic18-lt\cxx-framework\src\traditional\proc\p18f4620.asm
                 IPR1bits   0x000f9f       data     extern E:\3.46\pic18-lt\cxx-framework\src\traditional\proc\p18f4620.asm
                     IPR1   0x000f9f       data     extern E:\3.46\pic18-lt\cxx-framework\src\traditional\proc\p18f4620.asm
                     PIE2   0x000fa0       data     extern E:\3.46\pic18-lt\cxx-framework\src\traditional\proc\p18f4620.asm
                 PIE2bits   0x000fa0       data     extern E:\3.46\pic18-lt\cxx-framework\src\traditional\proc\p18f4620.asm
                     PIR2   0x000fa1       data     extern E:\3.46\pic18-lt\cxx-framework\src\traditional\proc\p18f4620.asm
                 PIR2bits   0x000fa1       data     extern E:\3.46\pic18-lt\cxx-framework\src\traditional\proc\p18f4620.asm
                     IPR2   0x000fa2       data     extern E:\3.46\pic18-lt\cxx-framework\src\traditional\proc\p18f4620.asm
                 IPR2bits   0x000fa2       data     extern E:\3.46\pic18-lt\cxx-framework\src\traditional\proc\p18f4620.asm
               EECON1bits   0x000fa6       data     extern E:\3.46\pic18-lt\cxx-framework\src\traditional\proc\p18f4620.asm
                   EECON1   0x000fa6       data     extern E:\3.46\pic18-lt\cxx-framework\src\traditional\proc\p18f4620.asm
                   EECON2   0x000fa7       data     extern E:\3.46\pic18-lt\cxx-framework\src\traditional\proc\p18f4620.asm
                   EEDATA   0x000fa8       data     extern E:\3.46\pic18-lt\cxx-framework\src\traditional\proc\p18f4620.asm
                    EEADR   0x000fa9       data     extern E:\3.46\pic18-lt\cxx-framework\src\traditional\proc\p18f4620.asm
                   EEADRH   0x000faa       data     extern E:\3.46\pic18-lt\cxx-framework\src\traditional\proc\p18f4620.asm
                    RCSTA   0x000fab       data     extern E:\3.46\pic18-lt\cxx-framework\src\traditional\proc\p18f4620.asm
                RCSTAbits   0x000fab       data     extern E:\3.46\pic18-lt\cxx-framework\src\traditional\proc\p18f4620.asm
                TXSTAbits   0x000fac       data     extern E:\3.46\pic18-lt\cxx-framework\src\traditional\proc\p18f4620.asm
                    TXSTA   0x000fac       data     extern E:\3.46\pic18-lt\cxx-framework\src\traditional\proc\p18f4620.asm
                    TXREG   0x000fad       data     extern E:\3.46\pic18-lt\cxx-framework\src\traditional\proc\p18f4620.asm
                    RCREG   0x000fae       data     extern E:\3.46\pic18-lt\cxx-framework\src\traditional\proc\p18f4620.asm
                    SPBRG   0x000faf       data     extern E:\3.46\pic18-lt\cxx-framework\src\traditional\proc\p18f4620.asm
                   SPBRGH   0x000fb0       data     extern E:\3.46\pic18-lt\cxx-framework\src\traditional\proc\p18f4620.asm
                    T3CON   0x000fb1       data     extern E:\3.46\pic18-lt\cxx-framework\src\traditional\proc\p18f4620.asm
                T3CONbits   0x000fb1       data     extern E:\3.46\pic18-lt\cxx-framework\src\traditional\proc\p18f4620.asm
                    TMR3L   0x000fb2       data     extern E:\3.46\pic18-lt\cxx-framework\src\traditional\proc\p18f4620.asm
                    TMR3H   0x000fb3       data     extern E:\3.46\pic18-lt\cxx-framework\src\traditional\proc\p18f4620.asm
                    CMCON   0x000fb4       data     extern E:\3.46\pic18-lt\cxx-framework\src\traditional\proc\p18f4620.asm
                CMCONbits   0x000fb4       data     extern E:\3.46\pic18-lt\cxx-framework\src\traditional\proc\p18f4620.asm
               CVRCONbits   0x000fb5       data     extern E:\3.46\pic18-lt\cxx-framework\src\traditional\proc\p18f4620.asm
                   CVRCON   0x000fb5       data     extern E:\3.46\pic18-lt\cxx-framework\src\traditional\proc\p18f4620.asm
              ECCP1ASbits   0x000fb6       data     extern E:\3.46\pic18-lt\cxx-framework\src\traditional\proc\p18f4620.asm
                  ECCP1AS   0x000fb6       data     extern E:\3.46\pic18-lt\cxx-framework\src\traditional\proc\p18f4620.asm
                  PWM1CON   0x000fb7       data     extern E:\3.46\pic18-lt\cxx-framework\src\traditional\proc\p18f4620.asm
              PWM1CONbits   0x000fb7       data     extern E:\3.46\pic18-lt\cxx-framework\src\traditional\proc\p18f4620.asm
                  BAUDCON   0x000fb8       data     extern E:\3.46\pic18-lt\cxx-framework\src\traditional\proc\p18f4620.asm
              BAUDCONbits   0x000fb8       data     extern E:\3.46\pic18-lt\cxx-framework\src\traditional\proc\p18f4620.asm
                  BAUDCTL   0x000fb8       data     extern E:\3.46\pic18-lt\cxx-framework\src\traditional\proc\p18f4620.asm
              BAUDCTLbits   0x000fb8       data     extern E:\3.46\pic18-lt\cxx-framework\src\traditional\proc\p18f4620.asm
                  CCP2CON   0x000fba       data     extern E:\3.46\pic18-lt\cxx-framework\src\traditional\proc\p18f4620.asm
              CCP2CONbits   0x000fba       data     extern E:\3.46\pic18-lt\cxx-framework\src\traditional\proc\p18f4620.asm
                   CCPR2L   0x000fbb       data     extern E:\3.46\pic18-lt\cxx-framework\src\traditional\proc\p18f4620.asm
                    CCPR2   0x000fbb       data     extern E:\3.46\pic18-lt\cxx-framework\src\traditional\proc\p18f4620.asm
                   CCPR2H   0x000fbc       data     extern E:\3.46\pic18-lt\cxx-framework\src\traditional\proc\p18f4620.asm
                  CCP1CON   0x000fbd       data     extern E:\3.46\pic18-lt\cxx-framework\src\traditional\proc\p18f4620.asm
              CCP1CONbits   0x000fbd       data     extern E:\3.46\pic18-lt\cxx-framework\src\traditional\proc\p18f4620.asm
                   CCPR1L   0x000fbe       data     extern E:\3.46\pic18-lt\cxx-framework\src\traditional\proc\p18f4620.asm
                    CCPR1   0x000fbe       data     extern E:\3.46\pic18-lt\cxx-framework\src\traditional\proc\p18f4620.asm
                   CCPR1H   0x000fbf       data     extern E:\3.46\pic18-lt\cxx-framework\src\traditional\proc\p18f4620.asm
                   ADCON2   0x000fc0       data     extern E:\3.46\pic18-lt\cxx-framework\src\traditional\proc\p18f4620.asm
               ADCON2bits   0x000fc0       data     extern E:\3.46\pic18-lt\cxx-framework\src\traditional\proc\p18f4620.asm
                   ADCON1   0x000fc1       data     extern E:\3.46\pic18-lt\cxx-framework\src\traditional\proc\p18f4620.asm
               ADCON1bits   0x000fc1       data     extern E:\3.46\pic18-lt\cxx-framework\src\traditional\proc\p18f4620.asm
                   ADCON0   0x000fc2       data     extern E:\3.46\pic18-lt\cxx-framework\src\traditional\proc\p18f4620.asm
               ADCON0bits   0x000fc2       data     extern E:\3.46\pic18-lt\cxx-framework\src\traditional\proc\p18f4620.asm
                    ADRES   0x000fc3       data     extern E:\3.46\pic18-lt\cxx-framework\src\traditional\proc\p18f4620.asm
                   ADRESL   0x000fc3       data     extern E:\3.46\pic18-lt\cxx-framework\src\traditional\proc\p18f4620.asm
                   ADRESH   0x000fc4       data     extern E:\3.46\pic18-lt\cxx-framework\src\traditional\proc\p18f4620.asm
                  SSPCON2   0x000fc5       data     extern E:\3.46\pic18-lt\cxx-framework\src\traditional\proc\p18f4620.asm
              SSPCON2bits   0x000fc5       data     extern E:\3.46\pic18-lt\cxx-framework\src\traditional\proc\p18f4620.asm
                  SSPCON1   0x000fc6       data     extern E:\3.46\pic18-lt\cxx-framework\src\traditional\proc\p18f4620.asm
              SSPCON1bits   0x000fc6       data     extern E:\3.46\pic18-lt\cxx-framework\src\traditional\proc\p18f4620.asm
                  SSPSTAT   0x000fc7       data     extern E:\3.46\pic18-lt\cxx-framework\src\traditional\proc\p18f4620.asm
              SSPSTATbits   0x000fc7       data     extern E:\3.46\pic18-lt\cxx-framework\src\traditional\proc\p18f4620.asm
                   SSPADD   0x000fc8       data     extern E:\3.46\pic18-lt\cxx-framework\src\traditional\proc\p18f4620.asm
                   SSPBUF   0x000fc9       data     extern E:\3.46\pic18-lt\cxx-framework\src\traditional\proc\p18f4620.asm
                    T2CON   0x000fca       data     extern E:\3.46\pic18-lt\cxx-framework\src\traditional\proc\p18f4620.asm
                T2CONbits   0x000fca       data     extern E:\3.46\pic18-lt\cxx-framework\src\traditional\proc\p18f4620.asm
                      PR2   0x000fcb       data     extern E:\3.46\pic18-lt\cxx-framework\src\traditional\proc\p18f4620.asm
                     TMR2   0x000fcc       data     extern E:\3.46\pic18-lt\cxx-framework\src\traditional\proc\p18f4620.asm
                T1CONbits   0x000fcd       data     extern E:\3.46\pic18-lt\cxx-framework\src\traditional\proc\p18f4620.asm
                    T1CON   0x000fcd       data     extern E:\3.46\pic18-lt\cxx-framework\src\traditional\proc\p18f4620.asm
                    TMR1L   0x000fce       data     extern E:\3.46\pic18-lt\cxx-framework\src\traditional\proc\p18f4620.asm
                    TMR1H   0x000fcf       data     extern E:\3.46\pic18-lt\cxx-framework\src\traditional\proc\p18f4620.asm
                     RCON   0x000fd0       data     extern E:\3.46\pic18-lt\cxx-framework\src\traditional\proc\p18f4620.asm
                 RCONbits   0x000fd0       data     extern E:\3.46\pic18-lt\cxx-framework\src\traditional\proc\p18f4620.asm
                   WDTCON   0x000fd1       data     extern E:\3.46\pic18-lt\cxx-framework\src\traditional\proc\p18f4620.asm
               WDTCONbits   0x000fd1       data     extern E:\3.46\pic18-lt\cxx-framework\src\traditional\proc\p18f4620.asm
               LVDCONbits   0x000fd2       data     extern E:\3.46\pic18-lt\cxx-framework\src\traditional\proc\p18f4620.asm
                   LVDCON   0x000fd2       data     extern E:\3.46\pic18-lt\cxx-framework\src\traditional\proc\p18f4620.asm
              HLVDCONbits   0x000fd2       data     extern E:\3.46\pic18-lt\cxx-framework\src\traditional\proc\p18f4620.asm
                  HLVDCON   0x000fd2       data     extern E:\3.46\pic18-lt\cxx-framework\src\traditional\proc\p18f4620.asm
               OSCCONbits   0x000fd3       data     extern E:\3.46\pic18-lt\cxx-framework\src\traditional\proc\p18f4620.asm
                   OSCCON   0x000fd3       data     extern E:\3.46\pic18-lt\cxx-framework\src\traditional\proc\p18f4620.asm
                T0CONbits   0x000fd5       data     extern E:\3.46\pic18-lt\cxx-framework\src\traditional\proc\p18f4620.asm
                    T0CON   0x000fd5       data     extern E:\3.46\pic18-lt\cxx-framework\src\traditional\proc\p18f4620.asm
                    TMR0L   0x000fd6       data     extern E:\3.46\pic18-lt\cxx-framework\src\traditional\proc\p18f4620.asm
                    TMR0H   0x000fd7       data     extern E:\3.46\pic18-lt\cxx-framework\src\traditional\proc\p18f4620.asm
                   STATUS   0x000fd8       data     extern E:\3.46\pic18-lt\cxx-framework\src\traditional\proc\p18f4620.asm
               STATUSbits   0x000fd8       data     extern E:\3.46\pic18-lt\cxx-framework\src\traditional\proc\p18f4620.asm
                     FSR2   0x000fd9       data     extern E:\3.46\pic18-lt\cxx-framework\src\traditional\proc\p18f4620.asm
                    FSR2L   0x000fd9       data     extern E:\3.46\pic18-lt\cxx-framework\src\traditional\proc\p18f4620.asm
                    FSR2H   0x000fda       data     extern E:\3.46\pic18-lt\cxx-framework\src\traditional\proc\p18f4620.asm
                   PLUSW2   0x000fdb       data     extern E:\3.46\pic18-lt\cxx-framework\src\traditional\proc\p18f4620.asm
                  PREINC2   0x000fdc       data     extern E:\3.46\pic18-lt\cxx-framework\src\traditional\proc\p18f4620.asm
                 POSTDEC2   0x000fdd       data     extern E:\3.46\pic18-lt\cxx-framework\src\traditional\proc\p18f4620.asm
                 POSTINC2   0x000fde       data     extern E:\3.46\pic18-lt\cxx-framework\src\traditional\proc\p18f4620.asm
                    INDF2   0x000fdf       data     extern E:\3.46\pic18-lt\cxx-framework\src\traditional\proc\p18f4620.asm
                      BSR   0x000fe0       data     extern E:\3.46\pic18-lt\cxx-framework\src\traditional\proc\p18f4620.asm
                     FSR1   0x000fe1       data     extern E:\3.46\pic18-lt\cxx-framework\src\traditional\proc\p18f4620.asm
                    FSR1L   0x000fe1       data     extern E:\3.46\pic18-lt\cxx-framework\src\traditional\proc\p18f4620.asm
                    FSR1H   0x000fe2       data     extern E:\3.46\pic18-lt\cxx-framework\src\traditional\proc\p18f4620.asm
                   PLUSW1   0x000fe3       data     extern E:\3.46\pic18-lt\cxx-framework\src\traditional\proc\p18f4620.asm
                  PREINC1   0x000fe4       data     extern E:\3.46\pic18-lt\cxx-framework\src\traditional\proc\p18f4620.asm
                 POSTDEC1   0x000fe5       data     extern E:\3.46\pic18-lt\cxx-framework\src\traditional\proc\p18f4620.asm
                 POSTINC1   0x000fe6       data     extern E:\3.46\pic18-lt\cxx-framework\src\traditional\proc\p18f4620.asm
                    INDF1   0x000fe7       data     extern E:\3.46\pic18-lt\cxx-framework\src\traditional\proc\p18f4620.asm
                     WREG   0x000fe8       data     extern E:\3.46\pic18-lt\cxx-framework\src\traditional\proc\p18f4620.asm
                        W   0x000fe8       data     extern E:\3.46\pic18-lt\cxx-framework\src\traditional\proc\p18f4620.asm
                    FSR0L   0x000fe9       data     extern E:\3.46\pic18-lt\cxx-framework\src\traditional\proc\p18f4620.asm
                     FSR0   0x000fe9       data     extern E:\3.46\pic18-lt\cxx-framework\src\traditional\proc\p18f4620.asm
                    FSR0H   0x000fea       data     extern E:\3.46\pic18-lt\cxx-framework\src\traditional\proc\p18f4620.asm
                   PLUSW0   0x000feb       data     extern E:\3.46\pic18-lt\cxx-framework\src\traditional\proc\p18f4620.asm
                  PREINC0   0x000fec       data     extern E:\3.46\pic18-lt\cxx-framework\src\traditional\proc\p18f4620.asm
                 POSTDEC0   0x000fed       data     extern E:\3.46\pic18-lt\cxx-framework\src\traditional\proc\p18f4620.asm
                 POSTINC0   0x000fee       data     extern E:\3.46\pic18-lt\cxx-framework\src\traditional\proc\p18f4620.asm
                    INDF0   0x000fef       data     extern E:\3.46\pic18-lt\cxx-framework\src\traditional\proc\p18f4620.asm
              INTCON3bits   0x000ff0       data     extern E:\3.46\pic18-lt\cxx-framework\src\traditional\proc\p18f4620.asm
                  INTCON3   0x000ff0       data     extern E:\3.46\pic18-lt\cxx-framework\src\traditional\proc\p18f4620.asm
                  INTCON2   0x000ff1       data     extern E:\3.46\pic18-lt\cxx-framework\src\traditional\proc\p18f4620.asm
              INTCON2bits   0x000ff1       data     extern E:\3.46\pic18-lt\cxx-framework\src\traditional\proc\p18f4620.asm
                   INTCON   0x000ff2       data     extern E:\3.46\pic18-lt\cxx-framework\src\traditional\proc\p18f4620.asm
               INTCONbits   0x000ff2       data     extern E:\3.46\pic18-lt\cxx-framework\src\traditional\proc\p18f4620.asm
                     PROD   0x000ff3       data     extern E:\3.46\pic18-lt\cxx-framework\src\traditional\proc\p18f4620.asm
                    PRODL   0x000ff3       data     extern E:\3.46\pic18-lt\cxx-framework\src\traditional\proc\p18f4620.asm
                    PRODH   0x000ff4       data     extern E:\3.46\pic18-lt\cxx-framework\src\traditional\proc\p18f4620.asm
                   TABLAT   0x000ff5       data     extern E:\3.46\pic18-lt\cxx-framework\src\traditional\proc\p18f4620.asm
                  TBLPTRL   0x000ff6       data     extern E:\3.46\pic18-lt\cxx-framework\src\traditional\proc\p18f4620.asm
                   TBLPTR   0x000ff6       data     extern E:\3.46\pic18-lt\cxx-framework\src\traditional\proc\p18f4620.asm
                  TBLPTRH   0x000ff7       data     extern E:\3.46\pic18-lt\cxx-framework\src\traditional\proc\p18f4620.asm
                  TBLPTRU   0x000ff8       data     extern E:\3.46\pic18-lt\cxx-framework\src\traditional\proc\p18f4620.asm
                       PC   0x000ff9       data     extern E:\3.46\pic18-lt\cxx-framework\src\traditional\proc\p18f4620.asm
                      PCL   0x000ff9       data     extern E:\3.46\pic18-lt\cxx-framework\src\traditional\proc\p18f4620.asm
                   PCLATH   0x000ffa       data     extern E:\3.46\pic18-lt\cxx-framework\src\traditional\proc\p18f4620.asm
                   PCLATU   0x000ffb       data     extern E:\3.46\pic18-lt\cxx-framework\src\traditional\proc\p18f4620.asm
                   STKPTR   0x000ffc       data     extern E:\3.46\pic18-lt\cxx-framework\src\traditional\proc\p18f4620.asm
               STKPTRbits   0x000ffc       data     extern E:\3.46\pic18-lt\cxx-framework\src\traditional\proc\p18f4620.asm
                      TOS   0x000ffd       data     extern E:\3.46\pic18-lt\cxx-framework\src\traditional\proc\p18f4620.asm
                     TOSL   0x000ffd       data     extern E:\3.46\pic18-lt\cxx-framework\src\traditional\proc\p18f4620.asm
                     TOSH   0x000ffe       data     extern E:\3.46\pic18-lt\cxx-framework\src\traditional\proc\p18f4620.asm
                     TOSU   0x000fff       data     extern E:\3.46\pic18-lt\cxx-framework\src\traditional\proc\p18f4620.asm


